Archive member included to satisfy reference by file (symbol)

/opt/gcc-arm-none-eabi-7-2017-q4-major/bin/../lib/gcc/arm-none-eabi/7.2.1/thumb/v7e-m/fpv4-sp/hard/libgcc.a(_aeabi_uldivmod.o)
                              CMakeFiles/at32f_lib.dir/AT32F435_Firmware_Library/libraries/cmsis/cm4/device_support/system_at32f435_437.c.obj (__aeabi_uldivmod)
/opt/gcc-arm-none-eabi-7-2017-q4-major/bin/../lib/gcc/arm-none-eabi/7.2.1/thumb/v7e-m/fpv4-sp/hard/libgcc.a(_udivmoddi4.o)
                              /opt/gcc-arm-none-eabi-7-2017-q4-major/bin/../lib/gcc/arm-none-eabi/7.2.1/thumb/v7e-m/fpv4-sp/hard/libgcc.a(_aeabi_uldivmod.o) (__udivmoddi4)
/opt/gcc-arm-none-eabi-7-2017-q4-major/bin/../lib/gcc/arm-none-eabi/7.2.1/thumb/v7e-m/fpv4-sp/hard/libgcc.a(_dvmd_tls.o)
                              /opt/gcc-arm-none-eabi-7-2017-q4-major/bin/../lib/gcc/arm-none-eabi/7.2.1/thumb/v7e-m/fpv4-sp/hard/libgcc.a(_aeabi_uldivmod.o) (__aeabi_ldiv0)
/opt/gcc-arm-none-eabi-7-2017-q4-major/bin/../lib/gcc/arm-none-eabi/7.2.1/../../../../arm-none-eabi/lib/thumb/v7e-m/fpv4-sp/hard/libc.a(lib_a-exit.o)
                              /opt/gcc-arm-none-eabi-7-2017-q4-major/bin/../lib/gcc/arm-none-eabi/7.2.1/../../../../arm-none-eabi/lib/thumb/v7e-m/fpv4-sp/hard/crt0.o (exit)
/opt/gcc-arm-none-eabi-7-2017-q4-major/bin/../lib/gcc/arm-none-eabi/7.2.1/../../../../arm-none-eabi/lib/thumb/v7e-m/fpv4-sp/hard/libc.a(lib_a-impure.o)
                              /opt/gcc-arm-none-eabi-7-2017-q4-major/bin/../lib/gcc/arm-none-eabi/7.2.1/../../../../arm-none-eabi/lib/thumb/v7e-m/fpv4-sp/hard/libc.a(lib_a-exit.o) (_global_impure_ptr)
/opt/gcc-arm-none-eabi-7-2017-q4-major/bin/../lib/gcc/arm-none-eabi/7.2.1/../../../../arm-none-eabi/lib/thumb/v7e-m/fpv4-sp/hard/libc.a(lib_a-init.o)
                              /opt/gcc-arm-none-eabi-7-2017-q4-major/bin/../lib/gcc/arm-none-eabi/7.2.1/../../../../arm-none-eabi/lib/thumb/v7e-m/fpv4-sp/hard/crt0.o (__libc_init_array)
/opt/gcc-arm-none-eabi-7-2017-q4-major/bin/../lib/gcc/arm-none-eabi/7.2.1/../../../../arm-none-eabi/lib/thumb/v7e-m/fpv4-sp/hard/libc.a(lib_a-memset.o)
                              /opt/gcc-arm-none-eabi-7-2017-q4-major/bin/../lib/gcc/arm-none-eabi/7.2.1/../../../../arm-none-eabi/lib/thumb/v7e-m/fpv4-sp/hard/crt0.o (memset)
/opt/gcc-arm-none-eabi-7-2017-q4-major/bin/../lib/gcc/arm-none-eabi/7.2.1/../../../../arm-none-eabi/lib/thumb/v7e-m/fpv4-sp/hard/libc.a(lib_a-setvbuf.o)
                              CMakeFiles/mx3g-at32f435proj.elf.dir/AT32F435_Firmware_Library/project/at32f435_437_board/at32f435_437_board.c.obj (setvbuf)
/opt/gcc-arm-none-eabi-7-2017-q4-major/bin/../lib/gcc/arm-none-eabi/7.2.1/../../../../arm-none-eabi/lib/thumb/v7e-m/fpv4-sp/hard/libc.a(lib_a-__call_atexit.o)
                              /opt/gcc-arm-none-eabi-7-2017-q4-major/bin/../lib/gcc/arm-none-eabi/7.2.1/../../../../arm-none-eabi/lib/thumb/v7e-m/fpv4-sp/hard/libc.a(lib_a-exit.o) (__call_exitprocs)
/opt/gcc-arm-none-eabi-7-2017-q4-major/bin/../lib/gcc/arm-none-eabi/7.2.1/../../../../arm-none-eabi/lib/thumb/v7e-m/fpv4-sp/hard/libc.a(lib_a-atexit.o)
                              /opt/gcc-arm-none-eabi-7-2017-q4-major/bin/../lib/gcc/arm-none-eabi/7.2.1/../../../../arm-none-eabi/lib/thumb/v7e-m/fpv4-sp/hard/libc.a(lib_a-__call_atexit.o) (atexit)
/opt/gcc-arm-none-eabi-7-2017-q4-major/bin/../lib/gcc/arm-none-eabi/7.2.1/../../../../arm-none-eabi/lib/thumb/v7e-m/fpv4-sp/hard/libc.a(lib_a-fflush.o)
                              /opt/gcc-arm-none-eabi-7-2017-q4-major/bin/../lib/gcc/arm-none-eabi/7.2.1/../../../../arm-none-eabi/lib/thumb/v7e-m/fpv4-sp/hard/libc.a(lib_a-setvbuf.o) (_fflush_r)
/opt/gcc-arm-none-eabi-7-2017-q4-major/bin/../lib/gcc/arm-none-eabi/7.2.1/../../../../arm-none-eabi/lib/thumb/v7e-m/fpv4-sp/hard/libc.a(lib_a-findfp.o)
                              /opt/gcc-arm-none-eabi-7-2017-q4-major/bin/../lib/gcc/arm-none-eabi/7.2.1/../../../../arm-none-eabi/lib/thumb/v7e-m/fpv4-sp/hard/libc.a(lib_a-setvbuf.o) (__sinit)
/opt/gcc-arm-none-eabi-7-2017-q4-major/bin/../lib/gcc/arm-none-eabi/7.2.1/../../../../arm-none-eabi/lib/thumb/v7e-m/fpv4-sp/hard/libc.a(lib_a-fini.o)
                              /opt/gcc-arm-none-eabi-7-2017-q4-major/bin/../lib/gcc/arm-none-eabi/7.2.1/../../../../arm-none-eabi/lib/thumb/v7e-m/fpv4-sp/hard/libc.a(lib_a-__call_atexit.o) (__libc_fini_array)
/opt/gcc-arm-none-eabi-7-2017-q4-major/bin/../lib/gcc/arm-none-eabi/7.2.1/../../../../arm-none-eabi/lib/thumb/v7e-m/fpv4-sp/hard/libc.a(lib_a-freer.o)
                              /opt/gcc-arm-none-eabi-7-2017-q4-major/bin/../lib/gcc/arm-none-eabi/7.2.1/../../../../arm-none-eabi/lib/thumb/v7e-m/fpv4-sp/hard/libc.a(lib_a-setvbuf.o) (_free_r)
/opt/gcc-arm-none-eabi-7-2017-q4-major/bin/../lib/gcc/arm-none-eabi/7.2.1/../../../../arm-none-eabi/lib/thumb/v7e-m/fpv4-sp/hard/libc.a(lib_a-fwalk.o)
[...]
Memory Configuration

Name             Origin             Length             Attributes
FLASH            0x0000000008000000 0x00000000003f0000 xr
RAM              0x0000000020000000 0x0000000000060000 xrw
*default*        0x0000000000000000 0xffffffffffffffff

Linker script and memory map

LOAD /opt/gcc-arm-none-eabi-7-2017-q4-major/bin/../lib/gcc/arm-none-eabi/7.2.1/thumb/v7e-m/fpv4-sp/hard/crti.o
LOAD /opt/gcc-arm-none-eabi-7-2017-q4-major/bin/../lib/gcc/arm-none-eabi/7.2.1/thumb/v7e-m/fpv4-sp/hard/crtbegin.o
LOAD /opt/gcc-arm-none-eabi-7-2017-q4-major/bin/../lib/gcc/arm-none-eabi/7.2.1/../../../../arm-none-eabi/lib/thumb/v7e-m/fpv4-sp/hard/crt0.o
LOAD CMakeFiles/mx3g-at32f435proj.elf.dir/AT32F435_Firmware_Library/project/at32f435_437_board/at32f435_437_board.c.obj
LOAD CMakeFiles/mx3g-at32f435proj.elf.dir/Src/Core/src/at32f435_437_clock.c.obj
LOAD CMakeFiles/mx3g-at32f435proj.elf.dir/Src/Core/src/at32f435_437_int.c.obj
LOAD CMakeFiles/mx3g-at32f435proj.elf.dir/Src/Core/src/main.c.obj
LOAD CMakeFiles/at32f_lib.dir/AT32F435_Firmware_Library/libraries/cmsis/cm4/device_support/startup/gcc/startup_at32f435_437.s.obj
LOAD CMakeFiles/at32f_lib.dir/AT32F435_Firmware_Library/libraries/cmsis/cm4/device_support/system_at32f435_437.c.obj
LOAD CMakeFiles/at32f_lib.dir/AT32F435_Firmware_Library/libraries/drivers/src/at32f435_437_acc.c.obj
LOAD CMakeFiles/at32f_lib.dir/AT32F435_Firmware_Library/libraries/drivers/src/at32f435_437_adc.c.obj
LOAD CMakeFiles/at32f_lib.dir/AT32F435_Firmware_Library/libraries/drivers/src/at32f435_437_can.c.obj
LOAD CMakeFiles/at32f_lib.dir/AT32F435_Firmware_Library/libraries/drivers/src/at32f435_437_crc.c.obj
LOAD CMakeFiles/at32f_lib.dir/AT32F435_Firmware_Library/libraries/drivers/src/at32f435_437_crm.c.obj
LOAD CMakeFiles/at32f_lib.dir/AT32F435_Firmware_Library/libraries/drivers/src/at32f435_437_dac.c.obj
LOAD CMakeFiles/at32f_lib.dir/AT32F435_Firmware_Library/libraries/drivers/src/at32f435_437_debug.c.obj
LOAD CMakeFiles/at32f_lib.dir/AT32F435_Firmware_Library/libraries/drivers/src/at32f435_437_dma.c.obj
LOAD CMakeFiles/at32f_lib.dir/AT32F435_Firmware_Library/libraries/drivers/src/at32f435_437_dvp.c.obj
LOAD CMakeFiles/at32f_lib.dir/AT32F435_Firmware_Library/libraries/drivers/src/at32f435_437_edma.c.obj
LOAD CMakeFiles/at32f_lib.dir/AT32F435_Firmware_Library/libraries/drivers/src/at32f435_437_emac.c.obj
LOAD CMakeFiles/at32f_lib.dir/AT32F435_Firmware_Library/libraries/drivers/src/at32f435_437_ertc.c.obj
LOAD CMakeFiles/at32f_lib.dir/AT32F435_Firmware_Library/libraries/drivers/src/at32f435_437_exint.c.obj
LOAD CMakeFiles/at32f_lib.dir/AT32F435_Firmware_Library/libraries/drivers/src/at32f435_437_flash.c.obj
LOAD CMakeFiles/at32f_lib.dir/AT32F435_Firmware_Library/libraries/drivers/src/at32f435_437_gpio.c.obj
LOAD CMakeFiles/at32f_lib.dir/AT32F435_Firmware_Library/libraries/drivers/src/at32f435_437_i2c.c.obj
LOAD CMakeFiles/at32f_lib.dir/AT32F435_Firmware_Library/libraries/drivers/src/at32f435_437_misc.c.obj
LOAD CMakeFiles/at32f_lib.dir/AT32F435_Firmware_Library/libraries/drivers/src/at32f435_437_pwc.c.obj
LOAD CMakeFiles/at32f_lib.dir/AT32F435_Firmware_Library/libraries/drivers/src/at32f435_437_qspi.c.obj
LOAD CMakeFiles/at32f_lib.dir/AT32F435_Firmware_Library/libraries/drivers/src/at32f435_437_scfg.c.obj
LOAD CMakeFiles/at32f_lib.dir/AT32F435_Firmware_Library/libraries/drivers/src/at32f435_437_sdio.c.obj
LOAD CMakeFiles/at32f_lib.dir/AT32F435_Firmware_Library/libraries/drivers/src/at32f435_437_spi.c.obj
LOAD CMakeFiles/at32f_lib.dir/AT32F435_Firmware_Library/libraries/drivers/src/at32f435_437_tmr.c.obj
LOAD CMakeFiles/at32f_lib.dir/AT32F435_Firmware_Library/libraries/drivers/src/at32f435_437_usart.c.obj
LOAD CMakeFiles/at32f_lib.dir/AT32F435_Firmware_Library/libraries/drivers/src/at32f435_437_usb.c.obj
LOAD CMakeFiles/at32f_lib.dir/AT32F435_Firmware_Library/libraries/drivers/src/at32f435_437_wdt.c.obj
LOAD CMakeFiles/at32f_lib.dir/AT32F435_Firmware_Library/libraries/drivers/src/at32f435_437_wwdt.c.obj
LOAD CMakeFiles/at32f_lib.dir/AT32F435_Firmware_Library/libraries/drivers/src/at32f435_437_xmc.c.obj
LOAD CMakeFiles/middlewares_lib.dir/AT32F435_Firmware_Library/middlewares/i2c_application_library/i2c_application.c.obj
START GROUP
LOAD /opt/gcc-arm-none-eabi-7-2017-q4-major/bin/../lib/gcc/arm-none-eabi/7.2.1/thumb/v7e-m/fpv4-sp/hard/libgcc.a
LOAD /opt/gcc-arm-none-eabi-7-2017-q4-major/bin/../lib/gcc/arm-none-eabi/7.2.1/../../../../arm-none-eabi/lib/thumb/v7e-m/fpv4-sp/hard/libc.a
END GROUP
START GROUP
LOAD /opt/gcc-arm-none-eabi-7-2017-q4-major/bin/../lib/gcc/arm-none-eabi/7.2.1/thumb/v7e-m/fpv4-sp/hard/libgcc.a
LOAD /opt/gcc-arm-none-eabi-7-2017-q4-major/bin/../lib/gcc/arm-none-eabi/7.2.1/../../../../arm-none-eabi/lib/thumb/v7e-m/fpv4-sp/hard/libc.a
LOAD /opt/gcc-arm-none-eabi-7-2017-q4-major/bin/../lib/gcc/arm-none-eabi/7.2.1/../../../../arm-none-eabi/lib/thumb/v7e-m/fpv4-sp/hard/libnosys.a
END GROUP
LOAD /opt/gcc-arm-none-eabi-7-2017-q4-major/bin/../lib/gcc/arm-none-eabi/7.2.1/thumb/v7e-m/fpv4-sp/hard/crtend.o
LOAD /opt/gcc-arm-none-eabi-7-2017-q4-major/bin/../lib/gcc/arm-none-eabi/7.2.1/thumb/v7e-m/fpv4-sp/hard/crtn.o
                0x0000000020060000                _estack = 0x20060000
                0x0000000000000200                _Min_Heap_Size = 0x200
                0x0000000000000400                _Min_Stack_Size = 0x400

.isr_vector     0x0000000008000000      0x20c
                0x0000000008000000                . = ALIGN (0x4)
 *(.isr_vector)
 .isr_vector    0x0000000008000000      0x20c CMakeFiles/at32f_lib.dir/AT32F435_Firmware_Library/libraries/cmsis/cm4/device_support/startup/gcc/startup_at32f435_437.s.obj
                0x0000000008000000                g_pfnVectors
                0x000000000800020c                . = ALIGN (0x4)

.text           0x000000000800020c     0x1348
                0x000000000800020c                . = ALIGN (0x4)
 *(.text)
 .text          0x000000000800020c       0x40 /opt/gcc-arm-none-eabi-7-2017-q4-major/bin/../lib/gcc/arm-none-eabi/7.2.1/thumb/v7e-m/fpv4-sp/hard/crtbegin.o
 .text          0x000000000800024c       0x30 /opt/gcc-arm-none-eabi-7-2017-q4-major/bin/../lib/gcc/arm-none-eabi/7.2.1/thumb/v7e-m/fpv4-sp/hard/libgcc.a(_aeabi_uldivmod.o)
                0x000000000800024c                __aeabi_uldivmod
 .text          0x000000000800027c      0x2cc /opt/gcc-arm-none-eabi-7-2017-q4-major/bin/../lib/gcc/arm-none-eabi/7.2.1/thumb/v7e-m/fpv4-sp/hard/libgcc.a(_udivmoddi4.o)
                0x000000000800027c                __udivmoddi4
 .text          0x0000000008000548        0x4 /opt/gcc-arm-none-eabi-7-2017-q4-major/bin/../lib/gcc/arm-none-eabi/7.2.1/thumb/v7e-m/fpv4-sp/hard/libgcc.a(_dvmd_tls.o)
                0x0000000008000548                __aeabi_ldiv0
                0x0000000008000548                __aeabi_idiv0
 *(.text*)
 .text.at32_button_init
                0x000000000800054c       0x40 CMakeFiles/mx3g-at32f435proj.elf.dir/AT32F435_Firmware_Library/project/at32f435_437_board/at32f435_437_board.c.obj
                0x000000000800054c                at32_button_init
 .text.at32_led_init
                0x000000000800058c       0x50 CMakeFiles/mx3g-at32f435proj.elf.dir/AT32F435_Firmware_Library/project/at32f435_437_board/at32f435_437_board.c.obj
                0x000000000800058c                at32_led_init
 .text.at32_led_off
                0x00000000080005dc       0x20 CMakeFiles/mx3g-at32f435proj.elf.dir/AT32F435_Firmware_Library/project/at32f435_437_board/at32f435_437_board.c.obj
                0x00000000080005dc                at32_led_off
 .text.at32_led_toggle
                0x00000000080005fc       0x24 CMakeFiles/mx3g-at32f435proj.elf.dir/AT32F435_Firmware_Library/project/at32f435_437_board/at32f435_437_board.c.obj
                0x00000000080005fc                at32_led_toggle
 .text.delay_init
                0x0000000008000620       0x38 CMakeFiles/mx3g-at32f435proj.elf.dir/AT32F435_Firmware_Library/project/at32f435_437_board/at32f435_437_board.c.obj
                0x0000000008000620                delay_init
 .text.at32_board_init
                0x0000000008000658       0x18 CMakeFiles/mx3g-at32f435proj.elf.dir/AT32F435_Firmware_Library/project/at32f435_437_board/at32f435_437_board.c.obj
                0x0000000008000658                at32_board_init
 .text.delay_ms
                0x0000000008000670       0x5c CMakeFiles/mx3g-at32f435proj.elf.dir/AT32F435_Firmware_Library/project/at32f435_437_board/at32f435_437_board.c.obj
                0x0000000008000670                delay_ms
 .text.system_clock_config
                0x00000000080006cc       0x8c CMakeFiles/mx3g-at32f435proj.elf.dir/Src/Core/src/at32f435_437_clock.c.obj
                0x00000000080006cc                system_clock_config
 .text.NMI_Handler
                0x0000000008000758        0x2 CMakeFiles/mx3g-at32f435proj.elf.dir/Src/Core/src/at32f435_437_int.c.obj
                0x0000000008000758                NMI_Handler
 .text.HardFault_Handler
                0x000000000800075a        0x2 CMakeFiles/mx3g-at32f435proj.elf.dir/Src/Core/src/at32f435_437_int.c.obj
                0x000000000800075a                HardFault_Handler
 .text.MemManage_Handler
                0x000000000800075c        0x2 CMakeFiles/mx3g-at32f435proj.elf.dir/Src/Core/src/at32f435_437_int.c.obj
                0x000000000800075c                MemManage_Handler
 .text.BusFault_Handler
                0x000000000800075e        0x2 CMakeFiles/mx3g-at32f435proj.elf.dir/Src/Core/src/at32f435_437_int.c.obj
                0x000000000800075e                BusFault_Handler
 .text.UsageFault_Handler
                0x0000000008000760        0x2 CMakeFiles/mx3g-at32f435proj.elf.dir/Src/Core/src/at32f435_437_int.c.obj
                0x0000000008000760                UsageFault_Handler
 .text.SVC_Handler
                0x0000000008000762        0x2 CMakeFiles/mx3g-at32f435proj.elf.dir/Src/Core/src/at32f435_437_int.c.obj
                0x0000000008000762                SVC_Handler
 .text.DebugMon_Handler
                0x0000000008000764        0x2 CMakeFiles/mx3g-at32f435proj.elf.dir/Src/Core/src/at32f435_437_int.c.obj
                0x0000000008000764                DebugMon_Handler
 .text.PendSV_Handler
                0x0000000008000766        0x2 CMakeFiles/mx3g-at32f435proj.elf.dir/Src/Core/src/at32f435_437_int.c.obj
                0x0000000008000766                PendSV_Handler
 .text.SysTick_Handler
                0x0000000008000768        0x2 CMakeFiles/mx3g-at32f435proj.elf.dir/Src/Core/src/at32f435_437_int.c.obj
                0x0000000008000768                SysTick_Handler
 .text.main     0x000000000800076a       0x1e CMakeFiles/mx3g-at32f435proj.elf.dir/Src/Core/src/main.c.obj
                0x000000000800076a                main
 .text.Reset_Handler
                0x0000000008000788       0x48 CMakeFiles/at32f_lib.dir/AT32F435_Firmware_Library/libraries/cmsis/cm4/device_support/startup/gcc/startup_at32f435_437.s.obj
                0x0000000008000788                Reset_Handler
 .text.Default_Handler
                0x00000000080007d0        0x2 CMakeFiles/at32f_lib.dir/AT32F435_Firmware_Library/libraries/cmsis/cm4/device_support/startup/gcc/startup_at32f435_437.s.obj
                0x00000000080007d0                SDIO1_IRQHandler
                0x00000000080007d0                XMC_IRQHandler
                0x00000000080007d0                EXINT2_IRQHandler
                0x00000000080007d0                TMR20_TRG_HALL_IRQHandler
                0x00000000080007d0                UART8_IRQHandler
                0x00000000080007d0                SPI4_IRQHandler
                0x00000000080007d0                I2C2_EVT_IRQHandler
                0x00000000080007d0                TMR20_CH_IRQHandler
                0x00000000080007d0                TMR1_OVF_TMR10_IRQHandler
                0x00000000080007d0                TMR8_TRG_HALL_TMR14_IRQHandler
                0x00000000080007d0                I2C1_ERR_IRQHandler
                0x00000000080007d0                EXINT9_5_IRQHandler
                0x00000000080007d0                TAMP_STAMP_IRQHandler
                0x00000000080007d0                EMAC_IRQHandler
                0x00000000080007d0                EDMA_Stream7_IRQHandler
                0x00000000080007d0                CAN2_RX1_IRQHandler
                0x00000000080007d0                TMR5_GLOBAL_IRQHandler
                0x00000000080007d0                TMR20_OVF_IRQHandler
                0x00000000080007d0                EDMA_Stream2_IRQHandler
                0x00000000080007d0                CAN1_RX0_IRQHandler
                0x00000000080007d0                FPU_IRQHandler
                0x00000000080007d0                EDMA_Stream3_IRQHandler
                0x00000000080007d0                SDIO2_IRQHandler
                0x00000000080007d0                OTGFS2_IRQHandler
                0x00000000080007d0                SPI1_IRQHandler
                0x00000000080007d0                TMR6_DAC_GLOBAL_IRQHandler
                0x00000000080007d0                CAN2_RX0_IRQHandler
                0x00000000080007d0                OTGFS1_IRQHandler
                0x00000000080007d0                DMA2_Channel2_IRQHandler
                0x00000000080007d0                DMA1_Channel4_IRQHandler
                0x00000000080007d0                TMR8_CH_IRQHandler
                0x00000000080007d0                EDMA_Stream4_IRQHandler
                0x00000000080007d0                USART6_IRQHandler
                0x00000000080007d0                EXINT0_IRQHandler
                0x00000000080007d0                USART3_IRQHandler
                0x00000000080007d0                DMA1_Channel7_IRQHandler
                0x00000000080007d0                CAN1_RX1_IRQHandler
                0x00000000080007d0                DVP_IRQHandler
                0x00000000080007d0                UART5_IRQHandler
                0x00000000080007d0                ACC_IRQHandler
                0x00000000080007d0                DMAMUX_IRQHandler
                0x00000000080007d0                EMAC_WKUP_IRQHandler
                0x00000000080007d0                DMA2_Channel1_IRQHandler
                0x00000000080007d0                OTGFS2_WKUP_IRQHandler
                0x00000000080007d0                EXINT3_IRQHandler
                0x00000000080007d0                DMA1_Channel6_IRQHandler
                0x00000000080007d0                UART4_IRQHandler
                0x00000000080007d0                DMA2_Channel4_IRQHandler
                0x00000000080007d0                ERTCAlarm_IRQHandler
                0x00000000080007d0                DMA1_Channel1_IRQHandler
                0x00000000080007d0                Default_Handler
                0x00000000080007d0                DMA2_Channel7_IRQHandler
                0x00000000080007d0                TMR20_BRK_IRQHandler
                0x00000000080007d0                QSPI1_IRQHandler
                0x00000000080007d0                TMR3_GLOBAL_IRQHandler
                0x00000000080007d0                TMR7_GLOBAL_IRQHandler
                0x00000000080007d0                CAN1_SE_IRQHandler
                0x00000000080007d0                CAN2_TX_IRQHandler
                0x00000000080007d0                I2C3_ERR_IRQHandler
                0x00000000080007d0                SPI3_I2S3EXT_IRQHandler
                0x00000000080007d0                TMR1_BRK_TMR9_IRQHandler
                0x00000000080007d0                TMR8_BRK_TMR12_IRQHandler
                0x00000000080007d0                TMR1_TRG_HALL_TMR11_IRQHandler
                0x00000000080007d0                CAN1_TX_IRQHandler
                0x00000000080007d0                DMA2_Channel5_IRQHandler
                0x00000000080007d0                DMA1_Channel5_IRQHandler
                0x00000000080007d0                EDMA_Stream6_IRQHandler
                0x00000000080007d0                QSPI2_IRQHandler
                0x00000000080007d0                TMR4_GLOBAL_IRQHandler
                0x00000000080007d0                EXINT4_IRQHandler
                0x00000000080007d0                CAN2_SE_IRQHandler
                0x00000000080007d0                PVM_IRQHandler
                0x00000000080007d0                I2C3_EVT_IRQHandler
                0x00000000080007d0                DMA1_Channel3_IRQHandler
                0x00000000080007d0                I2C1_EVT_IRQHandler
                0x00000000080007d0                TMR8_OVF_TMR13_IRQHandler
                0x00000000080007d0                DMA2_Channel6_IRQHandler
                0x00000000080007d0                EDMA_Stream5_IRQHandler
                0x00000000080007d0                EDMA_Stream1_IRQHandler
                0x00000000080007d0                EXINT1_IRQHandler
                0x00000000080007d0                UART7_IRQHandler
                0x00000000080007d0                USART2_IRQHandler
                0x00000000080007d0                DMA1_Channel2_IRQHandler
                0x00000000080007d0                TMR2_GLOBAL_IRQHandler
                0x00000000080007d0                ERTC_WKUP_IRQHandler
                0x00000000080007d0                FLASH_IRQHandler
                0x00000000080007d0                SPI2_I2S2EXT_IRQHandler
                0x00000000080007d0                I2C2_ERR_IRQHandler
                0x00000000080007d0                USART1_IRQHandler
                0x00000000080007d0                TMR1_CH_IRQHandler
                0x00000000080007d0                CRM_IRQHandler
                0x00000000080007d0                EDMA_Stream8_IRQHandler
                0x00000000080007d0                OTGFS1_WKUP_IRQHandler
                0x00000000080007d0                EXINT15_10_IRQHandler
                0x00000000080007d0                ADC1_2_3_IRQHandler
                0x00000000080007d0                WWDT_IRQHandler
                0x00000000080007d0                DMA2_Channel3_IRQHandler
 *fill*         0x00000000080007d2        0x2 
 .text.SystemInit
                0x00000000080007d4       0x6c CMakeFiles/at32f_lib.dir/AT32F435_Firmware_Library/libraries/cmsis/cm4/device_support/system_at32f435_437.c.obj
                0x00000000080007d4                SystemInit
 .text.system_core_clock_update
                0x0000000008000840       0xd8 CMakeFiles/at32f_lib.dir/AT32F435_Firmware_Library/libraries/cmsis/cm4/device_support/system_at32f435_437.c.obj
                0x0000000008000840                system_core_clock_update
 .text.crm_reset
                0x0000000008000918       0x54 CMakeFiles/at32f_lib.dir/AT32F435_Firmware_Library/libraries/drivers/src/at32f435_437_crm.c.obj
                0x0000000008000918                crm_reset
 .text.crm_flag_get
                0x000000000800096c       0x24 CMakeFiles/at32f_lib.dir/AT32F435_Firmware_Library/libraries/drivers/src/at32f435_437_crm.c.obj
                0x000000000800096c                crm_flag_get
 .text.crm_hext_stable_wait
                0x0000000008000990       0x2a CMakeFiles/at32f_lib.dir/AT32F435_Firmware_Library/libraries/drivers/src/at32f435_437_crm.c.obj
                0x0000000008000990                crm_hext_stable_wait
 .text.crm_periph_clock_enable
                0x00000000080009ba       0x3c CMakeFiles/at32f_lib.dir/AT32F435_Firmware_Library/libraries/drivers/src/at32f435_437_crm.c.obj
                0x00000000080009ba                crm_periph_clock_enable
 *fill*         0x00000000080009f6        0x2 
 .text.crm_clock_source_enable
                0x00000000080009f8       0x50 CMakeFiles/at32f_lib.dir/AT32F435_Firmware_Library/libraries/drivers/src/at32f435_437_crm.c.obj
                0x00000000080009f8                crm_clock_source_enable
 .text.crm_ahb_div_set
                0x0000000008000a48       0x10 CMakeFiles/at32f_lib.dir/AT32F435_Firmware_Library/libraries/drivers/src/at32f435_437_crm.c.obj
                0x0000000008000a48                crm_ahb_div_set
 .text.crm_apb1_div_set
                0x0000000008000a58       0x10 CMakeFiles/at32f_lib.dir/AT32F435_Firmware_Library/libraries/drivers/src/at32f435_437_crm.c.obj
                0x0000000008000a58                crm_apb1_div_set
 .text.crm_apb2_div_set
                0x0000000008000a68       0x10 CMakeFiles/at32f_lib.dir/AT32F435_Firmware_Library/libraries/drivers/src/at32f435_437_crm.c.obj
                0x0000000008000a68                crm_apb2_div_set
 .text.crm_auto_step_mode_enable
                0x0000000008000a78       0x28 CMakeFiles/at32f_lib.dir/AT32F435_Firmware_Library/libraries/drivers/src/at32f435_437_crm.c.obj
                0x0000000008000a78                crm_auto_step_mode_enable
 .text.crm_pll_config
                0x0000000008000aa0       0x40 CMakeFiles/at32f_lib.dir/AT32F435_Firmware_Library/libraries/drivers/src/at32f435_437_crm.c.obj
                0x0000000008000aa0                crm_pll_config
 .text.crm_sysclk_switch
                0x0000000008000ae0       0x10 CMakeFiles/at32f_lib.dir/AT32F435_Firmware_Library/libraries/drivers/src/at32f435_437_crm.c.obj
                0x0000000008000ae0                crm_sysclk_switch
 .text.crm_sysclk_switch_status_get
                0x0000000008000af0       0x10 CMakeFiles/at32f_lib.dir/AT32F435_Firmware_Library/libraries/drivers/src/at32f435_437_crm.c.obj
                0x0000000008000af0                crm_sysclk_switch_status_get
 .text.gpio_init
                0x0000000008000b00       0x6c CMakeFiles/at32f_lib.dir/AT32F435_Firmware_Library/libraries/drivers/src/at32f435_437_gpio.c.obj
                0x0000000008000b00                gpio_init
 .text.gpio_default_para_init
                0x0000000008000b6c       0x14 CMakeFiles/at32f_lib.dir/AT32F435_Firmware_Library/libraries/drivers/src/at32f435_437_gpio.c.obj
                0x0000000008000b6c                gpio_default_para_init
 .text.systick_clock_source_config
                0x0000000008000b80       0x20 CMakeFiles/at32f_lib.dir/AT32F435_Firmware_Library/libraries/drivers/src/at32f435_437_misc.c.obj
                0x0000000008000b80                systick_clock_source_config
 .text.__libc_init_array
                0x0000000008000ba0       0x48 /opt/gcc-arm-none-eabi-7-2017-q4-major/bin/../lib/gcc/arm-none-eabi/7.2.1/../../../../arm-none-eabi/lib/thumb/v7e-m/fpv4-sp/hard/libc.a(lib_a-init.o)
                0x0000000008000ba0                __libc_init_array
 .text.startup.register_fini
                0x0000000008000be8       0x14 /opt/gcc-arm-none-eabi-7-2017-q4-major/bin/../lib/gcc/arm-none-eabi/7.2.1/../../../../arm-none-eabi/lib/thumb/v7e-m/fpv4-sp/hard/libc.a(lib_a-__call_atexit.o)
 .text.atexit   0x0000000008000bfc        0xc /opt/gcc-arm-none-eabi-7-2017-q4-major/bin/../lib/gcc/arm-none-eabi/7.2.1/../../../../arm-none-eabi/lib/thumb/v7e-m/fpv4-sp/hard/libc.a(lib_a-atexit.o)
                0x0000000008000bfc                atexit
 .text.__libc_fini_array
                0x0000000008000c08       0x34 /opt/gcc-arm-none-eabi-7-2017-q4-major/bin/../lib/gcc/arm-none-eabi/7.2.1/../../../../arm-none-eabi/lib/thumb/v7e-m/fpv4-sp/hard/libc.a(lib_a-fini.o)
                0x0000000008000c08                __libc_fini_array
 .text._malloc_trim_r
                0x0000000008000c3c       0xa0 /opt/gcc-arm-none-eabi-7-2017-q4-major/bin/../lib/gcc/arm-none-eabi/7.2.1/../../../../arm-none-eabi/lib/thumb/v7e-m/fpv4-sp/hard/libc.a(lib_a-freer.o)
                0x0000000008000c3c                _malloc_trim_r
 .text._free_r  0x0000000008000cdc      0x1e8 /opt/gcc-arm-none-eabi-7-2017-q4-major/bin/../lib/gcc/arm-none-eabi/7.2.1/../../../../arm-none-eabi/lib/thumb/v7e-m/fpv4-sp/hard/libc.a(lib_a-freer.o)
                0x0000000008000cdc                _free_r
 .text.__retarget_lock_acquire_recursive
                0x0000000008000ec4        0x4 /opt/gcc-arm-none-eabi-7-2017-q4-major/bin/../lib/gcc/arm-none-eabi/7.2.1/../../../../arm-none-eabi/lib/thumb/v7e-m/fpv4-sp/hard/libc.a(lib_a-lock.o)
                0x0000000008000ec4                __retarget_lock_acquire_recursive
 .text.__retarget_lock_release_recursive
                0x0000000008000ec8        0x4 /opt/gcc-arm-none-eabi-7-2017-q4-major/bin/../lib/gcc/arm-none-eabi/7.2.1/../../../../arm-none-eabi/lib/thumb/v7e-m/fpv4-sp/hard/libc.a(lib_a-lock.o)
                0x0000000008000ec8                __retarget_lock_release_recursive
 .text.malloc   0x0000000008000ecc       0x10 /opt/gcc-arm-none-eabi-7-2017-q4-major/bin/../lib/gcc/arm-none-eabi/7.2.1/../../../../arm-none-eabi/lib/thumb/v7e-m/fpv4-sp/hard/libc.a(lib_a-malloc.o)
                0x0000000008000ecc                malloc
 .text._malloc_r
                0x0000000008000edc      0x548 /opt/gcc-arm-none-eabi-7-2017-q4-major/bin/../lib/gcc/arm-none-eabi/7.2.1/../../../../arm-none-eabi/lib/thumb/v7e-m/fpv4-sp/hard/libc.a(lib_a-mallocr.o)
                0x0000000008000edc                _malloc_r
 .text.__malloc_lock
                0x0000000008001424        0xc /opt/gcc-arm-none-eabi-7-2017-q4-major/bin/../lib/gcc/arm-none-eabi/7.2.1/../../../../arm-none-eabi/lib/thumb/v7e-m/fpv4-sp/hard/libc.a(lib_a-mlock.o)
                0x0000000008001424                __malloc_lock
 .text.__malloc_unlock
                0x0000000008001430        0xc /opt/gcc-arm-none-eabi-7-2017-q4-major/bin/../lib/gcc/arm-none-eabi/7.2.1/../../../../arm-none-eabi/lib/thumb/v7e-m/fpv4-sp/hard/libc.a(lib_a-mlock.o)
                0x0000000008001430                __malloc_unlock
 .text._sbrk_r  0x000000000800143c       0x24 /opt/gcc-arm-none-eabi-7-2017-q4-major/bin/../lib/gcc/arm-none-eabi/7.2.1/../../../../arm-none-eabi/lib/thumb/v7e-m/fpv4-sp/hard/libc.a(lib_a-sbrkr.o)
                0x000000000800143c                _sbrk_r
 .text.__register_exitproc
                0x0000000008001460       0xc0 /opt/gcc-arm-none-eabi-7-2017-q4-major/bin/../lib/gcc/arm-none-eabi/7.2.1/../../../../arm-none-eabi/lib/thumb/v7e-m/fpv4-sp/hard/libc.a(lib_a-__atexit.o)
                0x0000000008001460                __register_exitproc
 .text._sbrk    0x0000000008001520       0x1c /opt/gcc-arm-none-eabi-7-2017-q4-major/bin/../lib/gcc/arm-none-eabi/7.2.1/../../../../arm-none-eabi/lib/thumb/v7e-m/fpv4-sp/hard/libnosys.a(sbrk.o)
                0x0000000008001520                _sbrk
 *(.glue_7)
 .glue_7        0x000000000800153c        0x0 linker stubs
 *(.glue_7t)
 .glue_7t       0x000000000800153c        0x0 linker stubs
 *(.eh_frame)
 .eh_frame      0x000000000800153c        0x0 /opt/gcc-arm-none-eabi-7-2017-q4-major/bin/../lib/gcc/arm-none-eabi/7.2.1/thumb/v7e-m/fpv4-sp/hard/crtbegin.o
 *(.init)
 .init          0x000000000800153c        0x4 /opt/gcc-arm-none-eabi-7-2017-q4-major/bin/../lib/gcc/arm-none-eabi/7.2.1/thumb/v7e-m/fpv4-sp/hard/crti.o
                0x000000000800153c                _init
 .init          0x0000000008001540        0x8 /opt/gcc-arm-none-eabi-7-2017-q4-major/bin/../lib/gcc/arm-none-eabi/7.2.1/thumb/v7e-m/fpv4-sp/hard/crtn.o
 *(.fini)
 .fini          0x0000000008001548        0x4 /opt/gcc-arm-none-eabi-7-2017-q4-major/bin/../lib/gcc/arm-none-eabi/7.2.1/thumb/v7e-m/fpv4-sp/hard/crti.o
                0x0000000008001548                _fini
 .fini          0x000000000800154c        0x8 /opt/gcc-arm-none-eabi-7-2017-q4-major/bin/../lib/gcc/arm-none-eabi/7.2.1/thumb/v7e-m/fpv4-sp/hard/crtn.o
                0x0000000008001554                . = ALIGN (0x4)
                0x0000000008001554                _etext = .

.vfp11_veneer   0x0000000008001554        0x0
 .vfp11_veneer  0x0000000008001554        0x0 linker stubs

.v4_bx          0x0000000008001554        0x0
 .v4_bx         0x0000000008001554        0x0 linker stubs

.iplt           0x0000000008001554        0x0
 .iplt          0x0000000008001554        0x0 /opt/gcc-arm-none-eabi-7-2017-q4-major/bin/../lib/gcc/arm-none-eabi/7.2.1/thumb/v7e-m/fpv4-sp/hard/crtbegin.o

.rodata         0x0000000008001554       0x1c
                0x0000000008001554                . = ALIGN (0x4)
 *(.rodata)
 *(.rodata*)
 .rodata.pll_fr_table.17482
                0x0000000008001554        0x6 CMakeFiles/at32f_lib.dir/AT32F435_Firmware_Library/libraries/cmsis/cm4/device_support/system_at32f435_437.c.obj
 *fill*         0x000000000800155a        0x2 
 .rodata.sys_ahb_div_table.17481
                0x000000000800155c       0x10 CMakeFiles/at32f_lib.dir/AT32F435_Firmware_Library/libraries/cmsis/cm4/device_support/system_at32f435_437.c.obj
 .rodata._global_impure_ptr
                0x000000000800156c        0x4 /opt/gcc-arm-none-eabi-7-2017-q4-major/bin/../lib/gcc/arm-none-eabi/7.2.1/../../../../arm-none-eabi/lib/thumb/v7e-m/fpv4-sp/hard/libc.a(lib_a-impure.o)
                0x000000000800156c                _global_impure_ptr
                0x0000000008001570                . = ALIGN (0x4)

.ARM.extab
 *(.ARM.extab* .gnu.linkonce.armextab.*)

.ARM            0x0000000008001570        0x8
                0x0000000008001570                __exidx_start = .
 *(.ARM.exidx*)
 .ARM.exidx     0x0000000008001570        0x8 /opt/gcc-arm-none-eabi-7-2017-q4-major/bin/../lib/gcc/arm-none-eabi/7.2.1/thumb/v7e-m/fpv4-sp/hard/libgcc.a(_udivmoddi4.o)
                0x0000000008001578                __exidx_end = .

.rel.dyn        0x0000000008001578        0x0
 .rel.iplt      0x0000000008001578        0x0 /opt/gcc-arm-none-eabi-7-2017-q4-major/bin/../lib/gcc/arm-none-eabi/7.2.1/thumb/v7e-m/fpv4-sp/hard/crtbegin.o

.preinit_array  0x0000000008001578        0x0
                0x0000000008001578                PROVIDE (__preinit_array_start, .)
 *(.preinit_array*)
                0x0000000008001578                PROVIDE (__preinit_array_end, .)

.init_array     0x0000000008001578        0x8
                0x0000000008001578                PROVIDE (__init_array_start, .)
 *(SORT_BY_NAME(.init_array.*))
 .init_array.00000
                0x0000000008001578        0x4 /opt/gcc-arm-none-eabi-7-2017-q4-major/bin/../lib/gcc/arm-none-eabi/7.2.1/../../../../arm-none-eabi/lib/thumb/v7e-m/fpv4-sp/hard/libc.a(lib_a-__call_atexit.o)
 *(.init_array*)
 .init_array    0x000000000800157c        0x4 /opt/gcc-arm-none-eabi-7-2017-q4-major/bin/../lib/gcc/arm-none-eabi/7.2.1/thumb/v7e-m/fpv4-sp/hard/crtbegin.o
                0x0000000008001580                PROVIDE (__init_array_end, .)

.fini_array     0x0000000008001580        0x4
                0x0000000008001580                PROVIDE (__fini_array_start, .)
 *(SORT_BY_NAME(.fini_array.*))
 *(.fini_array*)
 .fini_array    0x0000000008001580        0x4 /opt/gcc-arm-none-eabi-7-2017-q4-major/bin/../lib/gcc/arm-none-eabi/7.2.1/thumb/v7e-m/fpv4-sp/hard/crtbegin.o
                0x0000000008001584                PROVIDE (__fini_array_end, .)
                0x0000000008001584                _sidata = LOADADDR (.data)

.data           0x0000000020000000      0x864 load address 0x0000000008001584
                0x0000000020000000                . = ALIGN (0x4)
                0x0000000020000000                _sdata = .
 *(.data)
 *(.data*)
 .data.led_gpio_crm_clk
                0x0000000020000000        0xc CMakeFiles/mx3g-at32f435proj.elf.dir/AT32F435_Firmware_Library/project/at32f435_437_board/at32f435_437_board.c.obj
                0x0000000020000000                led_gpio_crm_clk
 .data.led_gpio_pin
                0x000000002000000c        0x6 CMakeFiles/mx3g-at32f435proj.elf.dir/AT32F435_Firmware_Library/project/at32f435_437_board/at32f435_437_board.c.obj
                0x000000002000000c                led_gpio_pin
 *fill*         0x0000000020000012        0x2 
 .data.led_gpio_port
                0x0000000020000014        0xc CMakeFiles/mx3g-at32f435proj.elf.dir/AT32F435_Firmware_Library/project/at32f435_437_board/at32f435_437_board.c.obj
                0x0000000020000014                led_gpio_port
 .data.system_core_clock
                0x0000000020000020        0x4 CMakeFiles/at32f_lib.dir/AT32F435_Firmware_Library/libraries/cmsis/cm4/device_support/system_at32f435_437.c.obj
                0x0000000020000020                system_core_clock
 .data._impure_ptr
                0x0000000020000024        0x4 /opt/gcc-arm-none-eabi-7-2017-q4-major/bin/../lib/gcc/arm-none-eabi/7.2.1/../../../../arm-none-eabi/lib/thumb/v7e-m/fpv4-sp/hard/libc.a(lib_a-impure.o)
                0x0000000020000024                _impure_ptr
 .data.impure_data
                0x0000000020000028      0x428 /opt/gcc-arm-none-eabi-7-2017-q4-major/bin/../lib/gcc/arm-none-eabi/7.2.1/../../../../arm-none-eabi/lib/thumb/v7e-m/fpv4-sp/hard/libc.a(lib_a-impure.o)
 .data.__atexit_recursive_mutex
                0x0000000020000450        0x4 /opt/gcc-arm-none-eabi-7-2017-q4-major/bin/../lib/gcc/arm-none-eabi/7.2.1/../../../../arm-none-eabi/lib/thumb/v7e-m/fpv4-sp/hard/libc.a(lib_a-__call_atexit.o)
                0x0000000020000450                __atexit_recursive_mutex
 .data.__malloc_av_
                0x0000000020000454      0x408 /opt/gcc-arm-none-eabi-7-2017-q4-major/bin/../lib/gcc/arm-none-eabi/7.2.1/../../../../arm-none-eabi/lib/thumb/v7e-m/fpv4-sp/hard/libc.a(lib_a-mallocr.o)
                0x0000000020000454                __malloc_av_
 .data.__malloc_sbrk_base
                0x000000002000085c        0x4 /opt/gcc-arm-none-eabi-7-2017-q4-major/bin/../lib/gcc/arm-none-eabi/7.2.1/../../../../arm-none-eabi/lib/thumb/v7e-m/fpv4-sp/hard/libc.a(lib_a-mallocr.o)
                0x000000002000085c                __malloc_sbrk_base
 .data.__malloc_trim_threshold
                0x0000000020000860        0x4 /opt/gcc-arm-none-eabi-7-2017-q4-major/bin/../lib/gcc/arm-none-eabi/7.2.1/../../../../arm-none-eabi/lib/thumb/v7e-m/fpv4-sp/hard/libc.a(lib_a-mallocr.o)
                0x0000000020000860                __malloc_trim_threshold
                0x0000000020000864                . = ALIGN (0x4)
                0x0000000020000864                _edata = .

.igot.plt       0x0000000020000864        0x0 load address 0x0000000008001de8
 .igot.plt      0x0000000020000864        0x0 /opt/gcc-arm-none-eabi-7-2017-q4-major/bin/../lib/gcc/arm-none-eabi/7.2.1/thumb/v7e-m/fpv4-sp/hard/crtbegin.o
                0x0000000020000864                . = ALIGN (0x4)

.bss            0x0000000020000864       0x84 load address 0x0000000008001de8
                0x0000000020000864                _sbss = .
                0x0000000020000864                __bss_start__ = _sbss
 *(.bss)
 .bss           0x0000000020000864       0x1c /opt/gcc-arm-none-eabi-7-2017-q4-major/bin/../lib/gcc/arm-none-eabi/7.2.1/thumb/v7e-m/fpv4-sp/hard/crtbegin.o
 *(.bss*)
 .bss.fac_ms    0x0000000020000880        0x4 CMakeFiles/mx3g-at32f435proj.elf.dir/AT32F435_Firmware_Library/project/at32f435_437_board/at32f435_437_board.c.obj
 .bss.fac_us    0x0000000020000884        0x4 CMakeFiles/mx3g-at32f435proj.elf.dir/AT32F435_Firmware_Library/project/at32f435_437_board/at32f435_437_board.c.obj
 .bss.__malloc_current_mallinfo
                0x0000000020000888       0x28 /opt/gcc-arm-none-eabi-7-2017-q4-major/bin/../lib/gcc/arm-none-eabi/7.2.1/../../../../arm-none-eabi/lib/thumb/v7e-m/fpv4-sp/hard/libc.a(lib_a-mallocr.o)
                0x0000000020000888                __malloc_current_mallinfo
 .bss.__malloc_max_sbrked_mem
                0x00000000200008b0        0x4 /opt/gcc-arm-none-eabi-7-2017-q4-major/bin/../lib/gcc/arm-none-eabi/7.2.1/../../../../arm-none-eabi/lib/thumb/v7e-m/fpv4-sp/hard/libc.a(lib_a-mallocr.o)
                0x00000000200008b0                __malloc_max_sbrked_mem
 .bss.__malloc_max_total_mem
                0x00000000200008b4        0x4 /opt/gcc-arm-none-eabi-7-2017-q4-major/bin/../lib/gcc/arm-none-eabi/7.2.1/../../../../arm-none-eabi/lib/thumb/v7e-m/fpv4-sp/hard/libc.a(lib_a-mallocr.o)
                0x00000000200008b4                __malloc_max_total_mem
 .bss.__malloc_top_pad
                0x00000000200008b8        0x4 /opt/gcc-arm-none-eabi-7-2017-q4-major/bin/../lib/gcc/arm-none-eabi/7.2.1/../../../../arm-none-eabi/lib/thumb/v7e-m/fpv4-sp/hard/libc.a(lib_a-mallocr.o)
                0x00000000200008b8                __malloc_top_pad
 .bss.heap_end.5377
                0x00000000200008bc        0x4 /opt/gcc-arm-none-eabi-7-2017-q4-major/bin/../lib/gcc/arm-none-eabi/7.2.1/../../../../arm-none-eabi/lib/thumb/v7e-m/fpv4-sp/hard/libnosys.a(sbrk.o)
 *(COMMON)
 COMMON         0x00000000200008c0       0x21 /opt/gcc-arm-none-eabi-7-2017-q4-major/bin/../lib/gcc/arm-none-eabi/7.2.1/../../../../arm-none-eabi/lib/thumb/v7e-m/fpv4-sp/hard/libc.a(lib_a-lock.o)
                0x00000000200008c0                __lock___atexit_recursive_mutex
                0x00000000200008c4                __lock___arc4random_mutex
                0x00000000200008c8                __lock___env_recursive_mutex
                0x00000000200008cc                __lock___sinit_recursive_mutex
                0x00000000200008d0                __lock___malloc_recursive_mutex
                0x00000000200008d4                __lock___at_quick_exit_mutex
                0x00000000200008d8                __lock___dd_hash_mutex
                0x00000000200008dc                __lock___tz_mutex
                0x00000000200008e0                __lock___sfp_recursive_mutex
 *fill*         0x00000000200008e1        0x3 
 COMMON         0x00000000200008e4        0x4 /opt/gcc-arm-none-eabi-7-2017-q4-major/bin/../lib/gcc/arm-none-eabi/7.2.1/../../../../arm-none-eabi/lib/thumb/v7e-m/fpv4-sp/hard/libc.a(lib_a-reent.o)
                0x00000000200008e4                errno
                0x00000000200008e8                . = ALIGN (0x4)
                0x00000000200008e8                _ebss = .
                0x00000000200008e8                __bss_end__ = _ebss

._user_heap_stack
                0x00000000200008e8      0x600 load address 0x0000000008001de8
                0x00000000200008e8                . = ALIGN (0x8)
                0x00000000200008e8                PROVIDE (end, .)
                [!provide]                        PROVIDE (_end, .)
                0x0000000020000ae8                . = (. + _Min_Heap_Size)
 *fill*         0x00000000200008e8      0x200 
                0x0000000020000ee8                . = (. + _Min_Stack_Size)
 *fill*         0x0000000020000ae8      0x400 
                0x0000000020000ee8                . = ALIGN (0x8)

/DISCARD/
 libc.a(*)
 libm.a(*)
 libgcc.a(*)

.ARM.attributes
                0x0000000000000000       0x30
 *(.ARM.attributes)
 .ARM.attributes
                0x0000000000000000       0x22 /opt/gcc-arm-none-eabi-7-2017-q4-major/bin/../lib/gcc/arm-none-eabi/7.2.1/thumb/v7e-m/fpv4-sp/hard/crti.o
 .ARM.attributes
                0x0000000000000022       0x34 /opt/gcc-arm-none-eabi-7-2017-q4-major/bin/../lib/gcc/arm-none-eabi/7.2.1/thumb/v7e-m/fpv4-sp/hard/crtbegin.o
 .ARM.attributes
                0x0000000000000056       0x39 CMakeFiles/mx3g-at32f435proj.elf.dir/AT32F435_Firmware_Library/project/at32f435_437_board/at32f435_437_board.c.obj
 .ARM.attributes
                0x000000000000008f       0x39 CMakeFiles/mx3g-at32f435proj.elf.dir/Src/Core/src/at32f435_437_clock.c.obj
 .ARM.attributes
                0x00000000000000c8       0x39 CMakeFiles/mx3g-at32f435proj.elf.dir/Src/Core/src/at32f435_437_int.c.obj
 .ARM.attributes
                0x0000000000000101       0x39 CMakeFiles/mx3g-at32f435proj.elf.dir/Src/Core/src/main.c.obj
 .ARM.attributes
                0x000000000000013a       0x21 CMakeFiles/at32f_lib.dir/AT32F435_Firmware_Library/libraries/cmsis/cm4/device_support/startup/gcc/startup_at32f435_437.s.obj
 .ARM.attributes
                0x000000000000015b       0x39 CMakeFiles/at32f_lib.dir/AT32F435_Firmware_Library/libraries/cmsis/cm4/device_support/system_at32f435_437.c.obj
 .ARM.attributes
                0x0000000000000194       0x39 CMakeFiles/at32f_lib.dir/AT32F435_Firmware_Library/libraries/drivers/src/at32f435_437_crm.c.obj
 .ARM.attributes
                0x00000000000001cd       0x39 CMakeFiles/at32f_lib.dir/AT32F435_Firmware_Library/libraries/drivers/src/at32f435_437_gpio.c.obj
 .ARM.attributes
                0x0000000000000206       0x39 CMakeFiles/at32f_lib.dir/AT32F435_Firmware_Library/libraries/drivers/src/at32f435_437_misc.c.obj
 .ARM.attributes
                0x000000000000023f       0x22 /opt/gcc-arm-none-eabi-7-2017-q4-major/bin/../lib/gcc/arm-none-eabi/7.2.1/thumb/v7e-m/fpv4-sp/hard/libgcc.a(_aeabi_uldivmod.o)
 .ARM.attributes
                0x0000000000000261       0x34 /opt/gcc-arm-none-eabi-7-2017-q4-major/bin/../lib/gcc/arm-none-eabi/7.2.1/thumb/v7e-m/fpv4-sp/hard/libgcc.a(_udivmoddi4.o)
 .ARM.attributes
                0x0000000000000295       0x22 /opt/gcc-arm-none-eabi-7-2017-q4-major/bin/../lib/gcc/arm-none-eabi/7.2.1/thumb/v7e-m/fpv4-sp/hard/libgcc.a(_dvmd_tls.o)
 .ARM.attributes
                0x00000000000002b7       0x34 /opt/gcc-arm-none-eabi-7-2017-q4-major/bin/../lib/gcc/arm-none-eabi/7.2.1/../../../../arm-none-eabi/lib/thumb/v7e-m/fpv4-sp/hard/libc.a(lib_a-impure.o)
 .ARM.attributes
                0x00000000000002eb       0x34 /opt/gcc-arm-none-eabi-7-2017-q4-major/bin/../lib/gcc/arm-none-eabi/7.2.1/../../../../arm-none-eabi/lib/thumb/v7e-m/fpv4-sp/hard/libc.a(lib_a-init.o)
 .ARM.attributes
                0x000000000000031f       0x34 /opt/gcc-arm-none-eabi-7-2017-q4-major/bin/../lib/gcc/arm-none-eabi/7.2.1/../../../../arm-none-eabi/lib/thumb/v7e-m/fpv4-sp/hard/libc.a(lib_a-__call_atexit.o)
 .ARM.attributes
                0x0000000000000353       0x34 /opt/gcc-arm-none-eabi-7-2017-q4-major/bin/../lib/gcc/arm-none-eabi/7.2.1/../../../../arm-none-eabi/lib/thumb/v7e-m/fpv4-sp/hard/libc.a(lib_a-atexit.o)
 .ARM.attributes
                0x0000000000000387       0x34 /opt/gcc-arm-none-eabi-7-2017-q4-major/bin/../lib/gcc/arm-none-eabi/7.2.1/../../../../arm-none-eabi/lib/thumb/v7e-m/fpv4-sp/hard/libc.a(lib_a-fini.o)
 .ARM.attributes
                0x00000000000003bb       0x34 /opt/gcc-arm-none-eabi-7-2017-q4-major/bin/../lib/gcc/arm-none-eabi/7.2.1/../../../../arm-none-eabi/lib/thumb/v7e-m/fpv4-sp/hard/libc.a(lib_a-freer.o)
 .ARM.attributes
                0x00000000000003ef       0x34 /opt/gcc-arm-none-eabi-7-2017-q4-major/bin/../lib/gcc/arm-none-eabi/7.2.1/../../../../arm-none-eabi/lib/thumb/v7e-m/fpv4-sp/hard/libc.a(lib_a-lock.o)
 .ARM.attributes
                0x0000000000000423       0x34 /opt/gcc-arm-none-eabi-7-2017-q4-major/bin/../lib/gcc/arm-none-eabi/7.2.1/../../../../arm-none-eabi/lib/thumb/v7e-m/fpv4-sp/hard/libc.a(lib_a-malloc.o)
 .ARM.attributes
                0x0000000000000457       0x34 /opt/gcc-arm-none-eabi-7-2017-q4-major/bin/../lib/gcc/arm-none-eabi/7.2.1/../../../../arm-none-eabi/lib/thumb/v7e-m/fpv4-sp/hard/libc.a(lib_a-mallocr.o)
 .ARM.attributes
                0x000000000000048b       0x34 /opt/gcc-arm-none-eabi-7-2017-q4-major/bin/../lib/gcc/arm-none-eabi/7.2.1/../../../../arm-none-eabi/lib/thumb/v7e-m/fpv4-sp/hard/libc.a(lib_a-mlock.o)
 .ARM.attributes
                0x00000000000004bf       0x34 /opt/gcc-arm-none-eabi-7-2017-q4-major/bin/../lib/gcc/arm-none-eabi/7.2.1/../../../../arm-none-eabi/lib/thumb/v7e-m/fpv4-sp/hard/libc.a(lib_a-sbrkr.o)
 .ARM.attributes
                0x00000000000004f3       0x34 /opt/gcc-arm-none-eabi-7-2017-q4-major/bin/../lib/gcc/arm-none-eabi/7.2.1/../../../../arm-none-eabi/lib/thumb/v7e-m/fpv4-sp/hard/libc.a(lib_a-__atexit.o)
 .ARM.attributes
                0x0000000000000527       0x34 /opt/gcc-arm-none-eabi-7-2017-q4-major/bin/../lib/gcc/arm-none-eabi/7.2.1/../../../../arm-none-eabi/lib/thumb/v7e-m/fpv4-sp/hard/libc.a(lib_a-reent.o)
 .ARM.attributes
                0x000000000000055b       0x34 /opt/gcc-arm-none-eabi-7-2017-q4-major/bin/../lib/gcc/arm-none-eabi/7.2.1/../../../../arm-none-eabi/lib/thumb/v7e-m/fpv4-sp/hard/libnosys.a(sbrk.o)
 .ARM.attributes
                0x000000000000058f       0x22 /opt/gcc-arm-none-eabi-7-2017-q4-major/bin/../lib/gcc/arm-none-eabi/7.2.1/thumb/v7e-m/fpv4-sp/hard/crtn.o
OUTPUT(output/mx3g-at32f435proj.elf elf32-littlearm)

.debug_info     0x0000000000000000     0xb847
 .debug_info    0x0000000000000000     0x291b CMakeFiles/mx3g-at32f435proj.elf.dir/AT32F435_Firmware_Library/project/at32f435_437_board/at32f435_437_board.c.obj
 .debug_info    0x000000000000291b     0x13d3 CMakeFiles/mx3g-at32f435proj.elf.dir/Src/Core/src/at32f435_437_clock.c.obj
 .debug_info    0x0000000000003cee      0x137 CMakeFiles/mx3g-at32f435proj.elf.dir/Src/Core/src/at32f435_437_int.c.obj
 .debug_info    0x0000000000003e25      0x974 CMakeFiles/mx3g-at32f435proj.elf.dir/Src/Core/src/main.c.obj
 .debug_info    0x0000000000004799       0x22 CMakeFiles/at32f_lib.dir/AT32F435_Firmware_Library/libraries/cmsis/cm4/device_support/startup/gcc/startup_at32f435_437.s.obj
 .debug_info    0x00000000000047bb     0x1e5e CMakeFiles/at32f_lib.dir/AT32F435_Firmware_Library/libraries/cmsis/cm4/device_support/system_at32f435_437.c.obj
 .debug_info    0x0000000000006619     0x2eda CMakeFiles/at32f_lib.dir/AT32F435_Firmware_Library/libraries/drivers/src/at32f435_437_crm.c.obj
 .debug_info    0x00000000000094f3     0x18bd CMakeFiles/at32f_lib.dir/AT32F435_Firmware_Library/libraries/drivers/src/at32f435_437_gpio.c.obj
 .debug_info    0x000000000000adb0      0xa97 CMakeFiles/at32f_lib.dir/AT32F435_Firmware_Library/libraries/drivers/src/at32f435_437_misc.c.obj

.debug_abbrev   0x0000000000000000     0x1108
 .debug_abbrev  0x0000000000000000      0x37d CMakeFiles/mx3g-at32f435proj.elf.dir/AT32F435_Firmware_Library/project/at32f435_437_board/at32f435_437_board.c.obj
 .debug_abbrev  0x000000000000037d      0x1ff CMakeFiles/mx3g-at32f435proj.elf.dir/Src/Core/src/at32f435_437_clock.c.obj
 .debug_abbrev  0x000000000000057c       0x78 CMakeFiles/mx3g-at32f435proj.elf.dir/Src/Core/src/at32f435_437_int.c.obj
 .debug_abbrev  0x00000000000005f4      0x20c CMakeFiles/mx3g-at32f435proj.elf.dir/Src/Core/src/main.c.obj
 .debug_abbrev  0x0000000000000800       0x12 CMakeFiles/at32f_lib.dir/AT32F435_Firmware_Library/libraries/cmsis/cm4/device_support/startup/gcc/startup_at32f435_437.s.obj
 .debug_abbrev  0x0000000000000812      0x1a3 CMakeFiles/at32f_lib.dir/AT32F435_Firmware_Library/libraries/cmsis/cm4/device_support/system_at32f435_437.c.obj
 .debug_abbrev  0x00000000000009b5      0x2a4 CMakeFiles/at32f_lib.dir/AT32F435_Firmware_Library/libraries/drivers/src/at32f435_437_crm.c.obj
 .debug_abbrev  0x0000000000000c59      0x265 CMakeFiles/at32f_lib.dir/AT32F435_Firmware_Library/libraries/drivers/src/at32f435_437_gpio.c.obj
 .debug_abbrev  0x0000000000000ebe      0x24a CMakeFiles/at32f_lib.dir/AT32F435_Firmware_Library/libraries/drivers/src/at32f435_437_misc.c.obj

.debug_loc      0x0000000000000000     0x1059
 .debug_loc     0x0000000000000000      0x1dc CMakeFiles/mx3g-at32f435proj.elf.dir/AT32F435_Firmware_Library/project/at32f435_437_board/at32f435_437_board.c.obj
 .debug_loc     0x00000000000001dc      0x156 CMakeFiles/at32f_lib.dir/AT32F435_Firmware_Library/libraries/cmsis/cm4/device_support/system_at32f435_437.c.obj
 .debug_loc     0x0000000000000332      0x741 CMakeFiles/at32f_lib.dir/AT32F435_Firmware_Library/libraries/drivers/src/at32f435_437_crm.c.obj
 .debug_loc     0x0000000000000a73      0x323 CMakeFiles/at32f_lib.dir/AT32F435_Firmware_Library/libraries/drivers/src/at32f435_437_gpio.c.obj
 .debug_loc     0x0000000000000d96      0x2c3 CMakeFiles/at32f_lib.dir/AT32F435_Firmware_Library/libraries/drivers/src/at32f435_437_misc.c.obj

.debug_aranges  0x0000000000000000      0x388
 .debug_aranges
                0x0000000000000000       0x90 CMakeFiles/mx3g-at32f435proj.elf.dir/AT32F435_Firmware_Library/project/at32f435_437_board/at32f435_437_board.c.obj
 .debug_aranges
                0x0000000000000090       0x20 CMakeFiles/mx3g-at32f435proj.elf.dir/Src/Core/src/at32f435_437_clock.c.obj
 .debug_aranges
                0x00000000000000b0       0x60 CMakeFiles/mx3g-at32f435proj.elf.dir/Src/Core/src/at32f435_437_int.c.obj
 .debug_aranges
                0x0000000000000110       0x20 CMakeFiles/mx3g-at32f435proj.elf.dir/Src/Core/src/main.c.obj
 .debug_aranges
                0x0000000000000130       0x28 CMakeFiles/at32f_lib.dir/AT32F435_Firmware_Library/libraries/cmsis/cm4/device_support/startup/gcc/startup_at32f435_437.s.obj
 .debug_aranges
                0x0000000000000158       0x28 CMakeFiles/at32f_lib.dir/AT32F435_Firmware_Library/libraries/cmsis/cm4/device_support/system_at32f435_437.c.obj
 .debug_aranges
                0x0000000000000180      0x130 CMakeFiles/at32f_lib.dir/AT32F435_Firmware_Library/libraries/drivers/src/at32f435_437_crm.c.obj
 .debug_aranges
                0x00000000000002b0       0x88 CMakeFiles/at32f_lib.dir/AT32F435_Firmware_Library/libraries/drivers/src/at32f435_437_gpio.c.obj
 .debug_aranges
                0x0000000000000338       0x50 CMakeFiles/at32f_lib.dir/AT32F435_Firmware_Library/libraries/drivers/src/at32f435_437_misc.c.obj

.debug_ranges   0x0000000000000000      0x330
 .debug_ranges  0x0000000000000000       0x80 CMakeFiles/mx3g-at32f435proj.elf.dir/AT32F435_Firmware_Library/project/at32f435_437_board/at32f435_437_board.c.obj
 .debug_ranges  0x0000000000000080       0x10 CMakeFiles/mx3g-at32f435proj.elf.dir/Src/Core/src/at32f435_437_clock.c.obj
 .debug_ranges  0x0000000000000090       0x50 CMakeFiles/mx3g-at32f435proj.elf.dir/Src/Core/src/at32f435_437_int.c.obj
 .debug_ranges  0x00000000000000e0       0x10 CMakeFiles/mx3g-at32f435proj.elf.dir/Src/Core/src/main.c.obj
 .debug_ranges  0x00000000000000f0       0x20 CMakeFiles/at32f_lib.dir/AT32F435_Firmware_Library/libraries/cmsis/cm4/device_support/startup/gcc/startup_at32f435_437.s.obj
 .debug_ranges  0x0000000000000110       0x18 CMakeFiles/at32f_lib.dir/AT32F435_Firmware_Library/libraries/cmsis/cm4/device_support/system_at32f435_437.c.obj
 .debug_ranges  0x0000000000000128      0x120 CMakeFiles/at32f_lib.dir/AT32F435_Firmware_Library/libraries/drivers/src/at32f435_437_crm.c.obj
 .debug_ranges  0x0000000000000248       0x78 CMakeFiles/at32f_lib.dir/AT32F435_Firmware_Library/libraries/drivers/src/at32f435_437_gpio.c.obj
 .debug_ranges  0x00000000000002c0       0x70 CMakeFiles/at32f_lib.dir/AT32F435_Firmware_Library/libraries/drivers/src/at32f435_437_misc.c.obj

.debug_line     0x0000000000000000     0x2040
 .debug_line    0x0000000000000000      0x58d CMakeFiles/mx3g-at32f435proj.elf.dir/AT32F435_Firmware_Library/project/at32f435_437_board/at32f435_437_board.c.obj
 .debug_line    0x000000000000058d      0x2f5 CMakeFiles/mx3g-at32f435proj.elf.dir/Src/Core/src/at32f435_437_clock.c.obj
 .debug_line    0x0000000000000882      0x2a2 CMakeFiles/mx3g-at32f435proj.elf.dir/Src/Core/src/at32f435_437_int.c.obj
 .debug_line    0x0000000000000b24      0x36a CMakeFiles/mx3g-at32f435proj.elf.dir/Src/Core/src/main.c.obj
 .debug_line    0x0000000000000e8e       0xe9 CMakeFiles/at32f_lib.dir/AT32F435_Firmware_Library/libraries/cmsis/cm4/device_support/startup/gcc/startup_at32f435_437.s.obj
 .debug_line    0x0000000000000f77      0x2ce CMakeFiles/at32f_lib.dir/AT32F435_Firmware_Library/libraries/cmsis/cm4/device_support/system_at32f435_437.c.obj
 .debug_line    0x0000000000001245      0x635 CMakeFiles/at32f_lib.dir/AT32F435_Firmware_Library/libraries/drivers/src/at32f435_437_crm.c.obj
 .debug_line    0x000000000000187a      0x418 CMakeFiles/at32f_lib.dir/AT32F435_Firmware_Library/libraries/drivers/src/at32f435_437_gpio.c.obj
 .debug_line    0x0000000000001c92      0x3ae CMakeFiles/at32f_lib.dir/AT32F435_Firmware_Library/libraries/drivers/src/at32f435_437_misc.c.obj

.debug_str      0x0000000000000000     0x5102
 .debug_str     0x0000000000000000     0x191a CMakeFiles/mx3g-at32f435proj.elf.dir/AT32F435_Firmware_Library/project/at32f435_437_board/at32f435_437_board.c.obj
                                       0x19f1 (size before relaxing)
 .debug_str     0x000000000000191a      0x828 CMakeFiles/mx3g-at32f435proj.elf.dir/Src/Core/src/at32f435_437_clock.c.obj
                                        0xfe1 (size before relaxing)
 .debug_str     0x0000000000002142       0xde CMakeFiles/mx3g-at32f435proj.elf.dir/Src/Core/src/at32f435_437_int.c.obj
                                        0x2a7 (size before relaxing)
 .debug_str     0x0000000000002220       0x47 CMakeFiles/mx3g-at32f435proj.elf.dir/Src/Core/src/main.c.obj
                                        0x649 (size before relaxing)
 .debug_str     0x0000000000002267       0x9d CMakeFiles/at32f_lib.dir/AT32F435_Firmware_Library/libraries/cmsis/cm4/device_support/startup/gcc/startup_at32f435_437.s.obj
                                         0xd1 (size before relaxing)
 .debug_str     0x0000000000002304      0xadd CMakeFiles/at32f_lib.dir/AT32F435_Firmware_Library/libraries/cmsis/cm4/device_support/system_at32f435_437.c.obj
                                        0xfa2 (size before relaxing)
 .debug_str     0x0000000000002de1     0x17ce CMakeFiles/at32f_lib.dir/AT32F435_Firmware_Library/libraries/drivers/src/at32f435_437_crm.c.obj
                                       0x2d35 (size before relaxing)
 .debug_str     0x00000000000045af      0x1a9 CMakeFiles/at32f_lib.dir/AT32F435_Firmware_Library/libraries/drivers/src/at32f435_437_gpio.c.obj
                                       0x1145 (size before relaxing)
 .debug_str     0x0000000000004758      0x9aa CMakeFiles/at32f_lib.dir/AT32F435_Firmware_Library/libraries/drivers/src/at32f435_437_misc.c.obj
                                        0xcc1 (size before relaxing)

.comment        0x0000000000000000       0x7e
 .comment       0x0000000000000000       0x7e CMakeFiles/mx3g-at32f435proj.elf.dir/AT32F435_Firmware_Library/project/at32f435_437_board/at32f435_437_board.c.obj
                                         0x7f (size before relaxing)
 .comment       0x000000000000007e       0x7f CMakeFiles/mx3g-at32f435proj.elf.dir/Src/Core/src/at32f435_437_clock.c.obj
 .comment       0x000000000000007e       0x7f CMakeFiles/mx3g-at32f435proj.elf.dir/Src/Core/src/at32f435_437_int.c.obj
 .comment       0x000000000000007e       0x7f CMakeFiles/mx3g-at32f435proj.elf.dir/Src/Core/src/main.c.obj
 .comment       0x000000000000007e       0x7f CMakeFiles/at32f_lib.dir/AT32F435_Firmware_Library/libraries/cmsis/cm4/device_support/system_at32f435_437.c.obj
 .comment       0x000000000000007e       0x7f CMakeFiles/at32f_lib.dir/AT32F435_Firmware_Library/libraries/drivers/src/at32f435_437_crm.c.obj
 .comment       0x000000000000007e       0x7f CMakeFiles/at32f_lib.dir/AT32F435_Firmware_Library/libraries/drivers/src/at32f435_437_gpio.c.obj
 .comment       0x000000000000007e       0x7f CMakeFiles/at32f_lib.dir/AT32F435_Firmware_Library/libraries/drivers/src/at32f435_437_misc.c.obj

.debug_frame    0x0000000000000000      0xae4
 .debug_frame   0x0000000000000000      0x170 CMakeFiles/mx3g-at32f435proj.elf.dir/AT32F435_Firmware_Library/project/at32f435_437_board/at32f435_437_board.c.obj
 .debug_frame   0x0000000000000170       0x28 CMakeFiles/mx3g-at32f435proj.elf.dir/Src/Core/src/at32f435_437_clock.c.obj
 .debug_frame   0x0000000000000198       0xa0 CMakeFiles/mx3g-at32f435proj.elf.dir/Src/Core/src/at32f435_437_int.c.obj
 .debug_frame   0x0000000000000238       0x28 CMakeFiles/mx3g-at32f435proj.elf.dir/Src/Core/src/main.c.obj
 .debug_frame   0x0000000000000260       0x44 CMakeFiles/at32f_lib.dir/AT32F435_Firmware_Library/libraries/cmsis/cm4/device_support/system_at32f435_437.c.obj
 .debug_frame   0x00000000000002a4      0x290 CMakeFiles/at32f_lib.dir/AT32F435_Firmware_Library/libraries/drivers/src/at32f435_437_crm.c.obj
 .debug_frame   0x0000000000000534      0x118 CMakeFiles/at32f_lib.dir/AT32F435_Firmware_Library/libraries/drivers/src/at32f435_437_gpio.c.obj
 .debug_frame   0x000000000000064c       0x90 CMakeFiles/at32f_lib.dir/AT32F435_Firmware_Library/libraries/drivers/src/at32f435_437_misc.c.obj
 .debug_frame   0x00000000000006dc       0x2c /opt/gcc-arm-none-eabi-7-2017-q4-major/bin/../lib/gcc/arm-none-eabi/7.2.1/thumb/v7e-m/fpv4-sp/hard/libgcc.a(_aeabi_uldivmod.o)
 .debug_frame   0x0000000000000708       0x34 /opt/gcc-arm-none-eabi-7-2017-q4-major/bin/../lib/gcc/arm-none-eabi/7.2.1/thumb/v7e-m/fpv4-sp/hard/libgcc.a(_udivmoddi4.o)
 .debug_frame   0x000000000000073c       0x2c /opt/gcc-arm-none-eabi-7-2017-q4-major/bin/../lib/gcc/arm-none-eabi/7.2.1/../../../../arm-none-eabi/lib/thumb/v7e-m/fpv4-sp/hard/libc.a(lib_a-init.o)
 .debug_frame   0x0000000000000768       0x5c /opt/gcc-arm-none-eabi-7-2017-q4-major/bin/../lib/gcc/arm-none-eabi/7.2.1/../../../../arm-none-eabi/lib/thumb/v7e-m/fpv4-sp/hard/libc.a(lib_a-__call_atexit.o)
 .debug_frame   0x00000000000007c4       0x20 /opt/gcc-arm-none-eabi-7-2017-q4-major/bin/../lib/gcc/arm-none-eabi/7.2.1/../../../../arm-none-eabi/lib/thumb/v7e-m/fpv4-sp/hard/libc.a(lib_a-atexit.o)
 .debug_frame   0x00000000000007e4       0x34 /opt/gcc-arm-none-eabi-7-2017-q4-major/bin/../lib/gcc/arm-none-eabi/7.2.1/../../../../arm-none-eabi/lib/thumb/v7e-m/fpv4-sp/hard/libc.a(lib_a-fini.o)
 .debug_frame   0x0000000000000818       0x80 /opt/gcc-arm-none-eabi-7-2017-q4-major/bin/../lib/gcc/arm-none-eabi/7.2.1/../../../../arm-none-eabi/lib/thumb/v7e-m/fpv4-sp/hard/libc.a(lib_a-freer.o)
 .debug_frame   0x0000000000000898       0xb0 /opt/gcc-arm-none-eabi-7-2017-q4-major/bin/../lib/gcc/arm-none-eabi/7.2.1/../../../../arm-none-eabi/lib/thumb/v7e-m/fpv4-sp/hard/libc.a(lib_a-lock.o)
 .debug_frame   0x0000000000000948       0x30 /opt/gcc-arm-none-eabi-7-2017-q4-major/bin/../lib/gcc/arm-none-eabi/7.2.1/../../../../arm-none-eabi/lib/thumb/v7e-m/fpv4-sp/hard/libc.a(lib_a-malloc.o)
 .debug_frame   0x0000000000000978       0x54 /opt/gcc-arm-none-eabi-7-2017-q4-major/bin/../lib/gcc/arm-none-eabi/7.2.1/../../../../arm-none-eabi/lib/thumb/v7e-m/fpv4-sp/hard/libc.a(lib_a-mallocr.o)
 .debug_frame   0x00000000000009cc       0x30 /opt/gcc-arm-none-eabi-7-2017-q4-major/bin/../lib/gcc/arm-none-eabi/7.2.1/../../../../arm-none-eabi/lib/thumb/v7e-m/fpv4-sp/hard/libc.a(lib_a-mlock.o)
 .debug_frame   0x00000000000009fc       0x2c /opt/gcc-arm-none-eabi-7-2017-q4-major/bin/../lib/gcc/arm-none-eabi/7.2.1/../../../../arm-none-eabi/lib/thumb/v7e-m/fpv4-sp/hard/libc.a(lib_a-sbrkr.o)
 .debug_frame   0x0000000000000a28       0x34 /opt/gcc-arm-none-eabi-7-2017-q4-major/bin/../lib/gcc/arm-none-eabi/7.2.1/../../../../arm-none-eabi/lib/thumb/v7e-m/fpv4-sp/hard/libc.a(lib_a-__atexit.o)
 .debug_frame   0x0000000000000a5c       0x68 /opt/gcc-arm-none-eabi-7-2017-q4-major/bin/../lib/gcc/arm-none-eabi/7.2.1/../../../../arm-none-eabi/lib/thumb/v7e-m/fpv4-sp/hard/libc.a(lib_a-reent.o)
 .debug_frame   0x0000000000000ac4       0x20 /opt/gcc-arm-none-eabi-7-2017-q4-major/bin/../lib/gcc/arm-none-eabi/7.2.1/../../../../arm-none-eabi/lib/thumb/v7e-m/fpv4-sp/hard/libnosys.a(sbrk.o)

.stabstr        0x0000000000000000      0x117
 .stabstr       0x0000000000000000      0x117 /opt/gcc-arm-none-eabi-7-2017-q4-major/bin/../lib/gcc/arm-none-eabi/7.2.1/../../../../arm-none-eabi/lib/thumb/v7e-m/fpv4-sp/hard/libnosys.a(close.o)
