Archive member included to satisfy reference by file (symbol)

/opt/gcc-arm-none-eabi-10.3-2021.10/bin/../lib/gcc/arm-none-eabi/10.3.1/thumb/v7e-m+fp/hard/libgcc.a(_aeabi_uldivmod.o)
                              CMakeFiles/at32f_lib.dir/AT32F435_Firmware_Library/libraries/cmsis/cm4/device_support/system_at32f435_437.c.obj (__aeabi_uldivmod)
/opt/gcc-arm-none-eabi-10.3-2021.10/bin/../lib/gcc/arm-none-eabi/10.3.1/thumb/v7e-m+fp/hard/libgcc.a(_udivmoddi4.o)
                              /opt/gcc-arm-none-eabi-10.3-2021.10/bin/../lib/gcc/arm-none-eabi/10.3.1/thumb/v7e-m+fp/hard/libgcc.a(_aeabi_uldivmod.o) (__udivmoddi4)
/opt/gcc-arm-none-eabi-10.3-2021.10/bin/../lib/gcc/arm-none-eabi/10.3.1/thumb/v7e-m+fp/hard/libgcc.a(_dvmd_tls.o)
                              /opt/gcc-arm-none-eabi-10.3-2021.10/bin/../lib/gcc/arm-none-eabi/10.3.1/thumb/v7e-m+fp/hard/libgcc.a(_aeabi_uldivmod.o) (__aeabi_ldiv0)
/opt/gcc-arm-none-eabi-10.3-2021.10/bin/../lib/gcc/arm-none-eabi/10.3.1/../../../../arm-none-eabi/lib/thumb/v7e-m+fp/hard/libc.a(lib_a-exit.o)
                              /opt/gcc-arm-none-eabi-10.3-2021.10/bin/../lib/gcc/arm-none-eabi/10.3.1/../../../../arm-none-eabi/lib/thumb/v7e-m+fp/hard/crt0.o (exit)
/opt/gcc-arm-none-eabi-10.3-2021.10/bin/../lib/gcc/arm-none-eabi/10.3.1/../../../../arm-none-eabi/lib/thumb/v7e-m+fp/hard/libc.a(lib_a-impure.o)
                              /opt/gcc-arm-none-eabi-10.3-2021.10/bin/../lib/gcc/arm-none-eabi/10.3.1/../../../../arm-none-eabi/lib/thumb/v7e-m+fp/hard/libc.a(lib_a-exit.o) (_global_impure_ptr)
/opt/gcc-arm-none-eabi-10.3-2021.10/bin/../lib/gcc/arm-none-eabi/10.3.1/../../../../arm-none-eabi/lib/thumb/v7e-m+fp/hard/libc.a(lib_a-init.o)
                              /opt/gcc-arm-none-eabi-10.3-2021.10/bin/../lib/gcc/arm-none-eabi/10.3.1/../../../../arm-none-eabi/lib/thumb/v7e-m+fp/hard/crt0.o (__libc_init_array)
/opt/gcc-arm-none-eabi-10.3-2021.10/bin/../lib/gcc/arm-none-eabi/10.3.1/../../../../arm-none-eabi/lib/thumb/v7e-m+fp/hard/libc.a(lib_a-memset.o)
                              /opt/gcc-arm-none-eabi-10.3-2021.10/bin/../lib/gcc/arm-none-eabi/10.3.1/../../../../arm-none-eabi/lib/thumb/v7e-m+fp/hard/crt0.o (memset)
/opt/gcc-arm-none-eabi-10.3-2021.10/bin/../lib/gcc/arm-none-eabi/10.3.1/../../../../arm-none-eabi/lib/thumb/v7e-m+fp/hard/libc.a(lib_a-setvbuf.o)
                              CMakeFiles/mx3g-at32f435proj.elf.dir/AT32F435_Firmware_Library/project/at32f435_437_board/at32f435_437_board.c.obj (setvbuf)
/opt/gcc-arm-none-eabi-10.3-2021.10/bin/../lib/gcc/arm-none-eabi/10.3.1/../../../../arm-none-eabi/lib/thumb/v7e-m+fp/hard/libc.a(lib_a-__call_atexit.o)
                              /opt/gcc-arm-none-eabi-10.3-2021.10/bin/../lib/gcc/arm-none-eabi/10.3.1/../../../../arm-none-eabi/lib/thumb/v7e-m+fp/hard/libc.a(lib_a-exit.o) (__call_exitprocs)
/opt/gcc-arm-none-eabi-10.3-2021.10/bin/../lib/gcc/arm-none-eabi/10.3.1/../../../../arm-none-eabi/lib/thumb/v7e-m+fp/hard/libc.a(lib_a-atexit.o)
                              /opt/gcc-arm-none-eabi-10.3-2021.10/bin/../lib/gcc/arm-none-eabi/10.3.1/../../../../arm-none-eabi/lib/thumb/v7e-m+fp/hard/libc.a(lib_a-__call_atexit.o) (atexit)
/opt/gcc-arm-none-eabi-10.3-2021.10/bin/../lib/gcc/arm-none-eabi/10.3.1/../../../../arm-none-eabi/lib/thumb/v7e-m+fp/hard/libc.a(lib_a-fflush.o)
                              /opt/gcc-arm-none-eabi-10.3-2021.10/bin/../lib/gcc/arm-none-eabi/10.3.1/../../../../arm-none-eabi/lib/thumb/v7e-m+fp/hard/libc.a(lib_a-setvbuf.o) (_fflush_r)
/opt/gcc-arm-none-eabi-10.3-2021.10/bin/../lib/gcc/arm-none-eabi/10.3.1/../../../../arm-none-eabi/lib/thumb/v7e-m+fp/hard/libc.a(lib_a-findfp.o)
                              /opt/gcc-arm-none-eabi-10.3-2021.10/bin/../lib/gcc/arm-none-eabi/10.3.1/../../../../arm-none-eabi/lib/thumb/v7e-m+fp/hard/libc.a(lib_a-setvbuf.o) (__sinit)
/opt/gcc-arm-none-eabi-10.3-2021.10/bin/../lib/gcc/arm-none-eabi/10.3.1/../../../../arm-none-eabi/lib/thumb/v7e-m+fp/hard/libc.a(lib_a-fini.o)
                              /opt/gcc-arm-none-eabi-10.3-2021.10/bin/../lib/gcc/arm-none-eabi/10.3.1/../../../../arm-none-eabi/lib/thumb/v7e-m+fp/hard/libc.a(lib_a-__call_atexit.o) (__libc_fini_array)
/opt/gcc-arm-none-eabi-10.3-2021.10/bin/../lib/gcc/arm-none-eabi/10.3.1/../../../../arm-none-eabi/lib/thumb/v7e-m+fp/hard/libc.a(lib_a-freer.o)
                              /opt/gcc-arm-none-eabi-10.3-2021.10/bin/../lib/gcc/arm-none-eabi/10.3.1/../../../../arm-none-eabi/lib/thumb/v7e-m+fp/hard/libc.a(lib_a-setvbuf.o) (_free_r)
/opt/gcc-arm-none-eabi-10.3-2021.10/bin/../lib/gcc/arm-none-eabi/10.3.1/../../../../arm-none-eabi/lib/thumb/v7e-m+fp/hard/libc.a(lib_a-fwalk.o)
                              /opt/gcc-arm-none-eabi-10.3-2021.10/bin/../lib/gcc/arm-none-eabi/10.3.1/../../../../arm-none-eabi/lib/thumb/v7e-m+fp/hard/libc.a(lib_a-findfp.o) (_fwalk)
/opt/gcc-arm-none-eabi-10.3-2021.10/bin/../lib/gcc/arm-none-eabi/10.3.1/../../../../arm-none-eabi/lib/thumb/v7e-m+fp/hard/libc.a(lib_a-lock.o)
[...]
Memory Configuration

Name             Origin             Length             Attributes
FLASH            0x0000000008000000 0x00000000003f0000 xr
RAM              0x0000000020000000 0x0000000000060000 xrw
*default*        0x0000000000000000 0xffffffffffffffff

Linker script and memory map

LOAD /opt/gcc-arm-none-eabi-10.3-2021.10/bin/../lib/gcc/arm-none-eabi/10.3.1/thumb/v7e-m+fp/hard/crti.o
LOAD /opt/gcc-arm-none-eabi-10.3-2021.10/bin/../lib/gcc/arm-none-eabi/10.3.1/thumb/v7e-m+fp/hard/crtbegin.o
LOAD /opt/gcc-arm-none-eabi-10.3-2021.10/bin/../lib/gcc/arm-none-eabi/10.3.1/../../../../arm-none-eabi/lib/thumb/v7e-m+fp/hard/crt0.o
LOAD CMakeFiles/mx3g-at32f435proj.elf.dir/AT32F435_Firmware_Library/project/at32f435_437_board/at32f435_437_board.c.obj
LOAD CMakeFiles/mx3g-at32f435proj.elf.dir/Src/Core/src/at32f435_437_clock.c.obj
LOAD CMakeFiles/mx3g-at32f435proj.elf.dir/Src/Core/src/at32f435_437_int.c.obj
LOAD CMakeFiles/mx3g-at32f435proj.elf.dir/Src/Core/src/main.c.obj
LOAD CMakeFiles/at32f_lib.dir/AT32F435_Firmware_Library/libraries/cmsis/cm4/device_support/startup/gcc/startup_at32f435_437.s.obj
LOAD CMakeFiles/at32f_lib.dir/AT32F435_Firmware_Library/libraries/cmsis/cm4/device_support/system_at32f435_437.c.obj
LOAD CMakeFiles/at32f_lib.dir/AT32F435_Firmware_Library/libraries/drivers/src/at32f435_437_acc.c.obj
LOAD CMakeFiles/at32f_lib.dir/AT32F435_Firmware_Library/libraries/drivers/src/at32f435_437_adc.c.obj
LOAD CMakeFiles/at32f_lib.dir/AT32F435_Firmware_Library/libraries/drivers/src/at32f435_437_can.c.obj
LOAD CMakeFiles/at32f_lib.dir/AT32F435_Firmware_Library/libraries/drivers/src/at32f435_437_crc.c.obj
LOAD CMakeFiles/at32f_lib.dir/AT32F435_Firmware_Library/libraries/drivers/src/at32f435_437_crm.c.obj
LOAD CMakeFiles/at32f_lib.dir/AT32F435_Firmware_Library/libraries/drivers/src/at32f435_437_dac.c.obj
LOAD CMakeFiles/at32f_lib.dir/AT32F435_Firmware_Library/libraries/drivers/src/at32f435_437_debug.c.obj
LOAD CMakeFiles/at32f_lib.dir/AT32F435_Firmware_Library/libraries/drivers/src/at32f435_437_dma.c.obj
LOAD CMakeFiles/at32f_lib.dir/AT32F435_Firmware_Library/libraries/drivers/src/at32f435_437_dvp.c.obj
LOAD CMakeFiles/at32f_lib.dir/AT32F435_Firmware_Library/libraries/drivers/src/at32f435_437_edma.c.obj
LOAD CMakeFiles/at32f_lib.dir/AT32F435_Firmware_Library/libraries/drivers/src/at32f435_437_emac.c.obj
LOAD CMakeFiles/at32f_lib.dir/AT32F435_Firmware_Library/libraries/drivers/src/at32f435_437_ertc.c.obj
LOAD CMakeFiles/at32f_lib.dir/AT32F435_Firmware_Library/libraries/drivers/src/at32f435_437_exint.c.obj
LOAD CMakeFiles/at32f_lib.dir/AT32F435_Firmware_Library/libraries/drivers/src/at32f435_437_flash.c.obj
LOAD CMakeFiles/at32f_lib.dir/AT32F435_Firmware_Library/libraries/drivers/src/at32f435_437_gpio.c.obj
LOAD CMakeFiles/at32f_lib.dir/AT32F435_Firmware_Library/libraries/drivers/src/at32f435_437_i2c.c.obj
LOAD CMakeFiles/at32f_lib.dir/AT32F435_Firmware_Library/libraries/drivers/src/at32f435_437_misc.c.obj
LOAD CMakeFiles/at32f_lib.dir/AT32F435_Firmware_Library/libraries/drivers/src/at32f435_437_pwc.c.obj
LOAD CMakeFiles/at32f_lib.dir/AT32F435_Firmware_Library/libraries/drivers/src/at32f435_437_qspi.c.obj
LOAD CMakeFiles/at32f_lib.dir/AT32F435_Firmware_Library/libraries/drivers/src/at32f435_437_scfg.c.obj
LOAD CMakeFiles/at32f_lib.dir/AT32F435_Firmware_Library/libraries/drivers/src/at32f435_437_sdio.c.obj
LOAD CMakeFiles/at32f_lib.dir/AT32F435_Firmware_Library/libraries/drivers/src/at32f435_437_spi.c.obj
LOAD CMakeFiles/at32f_lib.dir/AT32F435_Firmware_Library/libraries/drivers/src/at32f435_437_tmr.c.obj
LOAD CMakeFiles/at32f_lib.dir/AT32F435_Firmware_Library/libraries/drivers/src/at32f435_437_usart.c.obj
LOAD CMakeFiles/at32f_lib.dir/AT32F435_Firmware_Library/libraries/drivers/src/at32f435_437_usb.c.obj
LOAD CMakeFiles/at32f_lib.dir/AT32F435_Firmware_Library/libraries/drivers/src/at32f435_437_wdt.c.obj
LOAD CMakeFiles/at32f_lib.dir/AT32F435_Firmware_Library/libraries/drivers/src/at32f435_437_wwdt.c.obj
LOAD CMakeFiles/at32f_lib.dir/AT32F435_Firmware_Library/libraries/drivers/src/at32f435_437_xmc.c.obj
LOAD CMakeFiles/middlewares_lib.dir/AT32F435_Firmware_Library/middlewares/i2c_application_library/i2c_application.c.obj
START GROUP
LOAD /opt/gcc-arm-none-eabi-10.3-2021.10/bin/../lib/gcc/arm-none-eabi/10.3.1/thumb/v7e-m+fp/hard/libgcc.a
LOAD /opt/gcc-arm-none-eabi-10.3-2021.10/bin/../lib/gcc/arm-none-eabi/10.3.1/../../../../arm-none-eabi/lib/thumb/v7e-m+fp/hard/libc.a
END GROUP
START GROUP
LOAD /opt/gcc-arm-none-eabi-10.3-2021.10/bin/../lib/gcc/arm-none-eabi/10.3.1/thumb/v7e-m+fp/hard/libgcc.a
LOAD /opt/gcc-arm-none-eabi-10.3-2021.10/bin/../lib/gcc/arm-none-eabi/10.3.1/../../../../arm-none-eabi/lib/thumb/v7e-m+fp/hard/libc.a
LOAD /opt/gcc-arm-none-eabi-10.3-2021.10/bin/../lib/gcc/arm-none-eabi/10.3.1/../../../../arm-none-eabi/lib/thumb/v7e-m+fp/hard/libnosys.a
END GROUP
LOAD /opt/gcc-arm-none-eabi-10.3-2021.10/bin/../lib/gcc/arm-none-eabi/10.3.1/thumb/v7e-m+fp/hard/crtend.o
LOAD /opt/gcc-arm-none-eabi-10.3-2021.10/bin/../lib/gcc/arm-none-eabi/10.3.1/thumb/v7e-m+fp/hard/crtn.o
                0x0000000020060000                _estack = 0x20060000
                0x0000000000000200                _Min_Heap_Size = 0x200
                0x0000000000000400                _Min_Stack_Size = 0x400

.isr_vector     0x0000000008000000      0x20c
                0x0000000008000000                . = ALIGN (0x4)
 *(.isr_vector)
 .isr_vector    0x0000000008000000      0x20c CMakeFiles/at32f_lib.dir/AT32F435_Firmware_Library/libraries/cmsis/cm4/device_support/startup/gcc/startup_at32f435_437.s.obj
                0x0000000008000000                g_pfnVectors
                0x000000000800020c                . = ALIGN (0x4)

.text           0x000000000800020c      0xafc
                0x000000000800020c                . = ALIGN (0x4)
 *(.text)
 .text          0x000000000800020c       0x40 /opt/gcc-arm-none-eabi-10.3-2021.10/bin/../lib/gcc/arm-none-eabi/10.3.1/thumb/v7e-m+fp/hard/crtbegin.o
 .text          0x000000000800024c       0x30 /opt/gcc-arm-none-eabi-10.3-2021.10/bin/../lib/gcc/arm-none-eabi/10.3.1/thumb/v7e-m+fp/hard/libgcc.a(_aeabi_uldivmod.o)
                0x000000000800024c                __aeabi_uldivmod
 .text          0x000000000800027c      0x2d0 /opt/gcc-arm-none-eabi-10.3-2021.10/bin/../lib/gcc/arm-none-eabi/10.3.1/thumb/v7e-m+fp/hard/libgcc.a(_udivmoddi4.o)
                0x000000000800027c                __udivmoddi4
 .text          0x000000000800054c        0x4 /opt/gcc-arm-none-eabi-10.3-2021.10/bin/../lib/gcc/arm-none-eabi/10.3.1/thumb/v7e-m+fp/hard/libgcc.a(_dvmd_tls.o)
                0x000000000800054c                __aeabi_ldiv0
                0x000000000800054c                __aeabi_idiv0
 *(.text*)
 .text.at32_button_init
                0x0000000008000550       0x40 CMakeFiles/mx3g-at32f435proj.elf.dir/AT32F435_Firmware_Library/project/at32f435_437_board/at32f435_437_board.c.obj
                0x0000000008000550                at32_button_init
 .text.at32_led_init
                0x0000000008000590       0x50 CMakeFiles/mx3g-at32f435proj.elf.dir/AT32F435_Firmware_Library/project/at32f435_437_board/at32f435_437_board.c.obj
                0x0000000008000590                at32_led_init
 .text.at32_led_off
                0x00000000080005e0       0x20 CMakeFiles/mx3g-at32f435proj.elf.dir/AT32F435_Firmware_Library/project/at32f435_437_board/at32f435_437_board.c.obj
                0x00000000080005e0                at32_led_off
 .text.at32_led_toggle
                0x0000000008000600       0x24 CMakeFiles/mx3g-at32f435proj.elf.dir/AT32F435_Firmware_Library/project/at32f435_437_board/at32f435_437_board.c.obj
                0x0000000008000600                at32_led_toggle
 .text.delay_init
                0x0000000008000624       0x38 CMakeFiles/mx3g-at32f435proj.elf.dir/AT32F435_Firmware_Library/project/at32f435_437_board/at32f435_437_board.c.obj
                0x0000000008000624                delay_init
 .text.at32_board_init
                0x000000000800065c       0x18 CMakeFiles/mx3g-at32f435proj.elf.dir/AT32F435_Firmware_Library/project/at32f435_437_board/at32f435_437_board.c.obj
                0x000000000800065c                at32_board_init
 .text.delay_ms
                0x0000000008000674       0x64 CMakeFiles/mx3g-at32f435proj.elf.dir/AT32F435_Firmware_Library/project/at32f435_437_board/at32f435_437_board.c.obj
                0x0000000008000674                delay_ms
 .text.system_clock_config
                0x00000000080006d8       0x8c CMakeFiles/mx3g-at32f435proj.elf.dir/Src/Core/src/at32f435_437_clock.c.obj
                0x00000000080006d8                system_clock_config
 .text.NMI_Handler
                0x0000000008000764        0x2 CMakeFiles/mx3g-at32f435proj.elf.dir/Src/Core/src/at32f435_437_int.c.obj
                0x0000000008000764                NMI_Handler
 .text.HardFault_Handler
                0x0000000008000766        0x2 CMakeFiles/mx3g-at32f435proj.elf.dir/Src/Core/src/at32f435_437_int.c.obj
                0x0000000008000766                HardFault_Handler
 .text.MemManage_Handler
                0x0000000008000768        0x2 CMakeFiles/mx3g-at32f435proj.elf.dir/Src/Core/src/at32f435_437_int.c.obj
                0x0000000008000768                MemManage_Handler
 .text.BusFault_Handler
                0x000000000800076a        0x2 CMakeFiles/mx3g-at32f435proj.elf.dir/Src/Core/src/at32f435_437_int.c.obj
                0x000000000800076a                BusFault_Handler
 .text.UsageFault_Handler
                0x000000000800076c        0x2 CMakeFiles/mx3g-at32f435proj.elf.dir/Src/Core/src/at32f435_437_int.c.obj
                0x000000000800076c                UsageFault_Handler
 .text.SVC_Handler
                0x000000000800076e        0x2 CMakeFiles/mx3g-at32f435proj.elf.dir/Src/Core/src/at32f435_437_int.c.obj
                0x000000000800076e                SVC_Handler
 .text.DebugMon_Handler
                0x0000000008000770        0x2 CMakeFiles/mx3g-at32f435proj.elf.dir/Src/Core/src/at32f435_437_int.c.obj
                0x0000000008000770                DebugMon_Handler
 .text.PendSV_Handler
                0x0000000008000772        0x2 CMakeFiles/mx3g-at32f435proj.elf.dir/Src/Core/src/at32f435_437_int.c.obj
                0x0000000008000772                PendSV_Handler
 .text.SysTick_Handler
                0x0000000008000774        0x2 CMakeFiles/mx3g-at32f435proj.elf.dir/Src/Core/src/at32f435_437_int.c.obj
                0x0000000008000774                SysTick_Handler
 .text.main     0x0000000008000776       0x1e CMakeFiles/mx3g-at32f435proj.elf.dir/Src/Core/src/main.c.obj
                0x0000000008000776                main
 .text.Reset_Handler
                0x0000000008000794       0x48 CMakeFiles/at32f_lib.dir/AT32F435_Firmware_Library/libraries/cmsis/cm4/device_support/startup/gcc/startup_at32f435_437.s.obj
                0x0000000008000794                Reset_Handler
 .text.Default_Handler
                0x00000000080007dc        0x2 CMakeFiles/at32f_lib.dir/AT32F435_Firmware_Library/libraries/cmsis/cm4/device_support/startup/gcc/startup_at32f435_437.s.obj
                0x00000000080007dc                SDIO1_IRQHandler
                0x00000000080007dc                XMC_IRQHandler
                0x00000000080007dc                EXINT2_IRQHandler
                0x00000000080007dc                TMR20_TRG_HALL_IRQHandler
                0x00000000080007dc                UART8_IRQHandler
                0x00000000080007dc                SPI4_IRQHandler
                0x00000000080007dc                I2C2_EVT_IRQHandler
                0x00000000080007dc                TMR20_CH_IRQHandler
                0x00000000080007dc                TMR1_OVF_TMR10_IRQHandler
                0x00000000080007dc                TMR8_TRG_HALL_TMR14_IRQHandler
                0x00000000080007dc                I2C1_ERR_IRQHandler
                0x00000000080007dc                EXINT9_5_IRQHandler
                0x00000000080007dc                TAMP_STAMP_IRQHandler
                0x00000000080007dc                EMAC_IRQHandler
                0x00000000080007dc                EDMA_Stream7_IRQHandler
                0x00000000080007dc                CAN2_RX1_IRQHandler
                0x00000000080007dc                TMR5_GLOBAL_IRQHandler
                0x00000000080007dc                TMR20_OVF_IRQHandler
                0x00000000080007dc                EDMA_Stream2_IRQHandler
                0x00000000080007dc                CAN1_RX0_IRQHandler
                0x00000000080007dc                FPU_IRQHandler
                0x00000000080007dc                EDMA_Stream3_IRQHandler
                0x00000000080007dc                SDIO2_IRQHandler
                0x00000000080007dc                OTGFS2_IRQHandler
                0x00000000080007dc                SPI1_IRQHandler
                0x00000000080007dc                TMR6_DAC_GLOBAL_IRQHandler
                0x00000000080007dc                CAN2_RX0_IRQHandler
                0x00000000080007dc                OTGFS1_IRQHandler
                0x00000000080007dc                DMA2_Channel2_IRQHandler
                0x00000000080007dc                DMA1_Channel4_IRQHandler
                0x00000000080007dc                TMR8_CH_IRQHandler
                0x00000000080007dc                EDMA_Stream4_IRQHandler
                0x00000000080007dc                USART6_IRQHandler
                0x00000000080007dc                EXINT0_IRQHandler
                0x00000000080007dc                USART3_IRQHandler
                0x00000000080007dc                DMA1_Channel7_IRQHandler
                0x00000000080007dc                CAN1_RX1_IRQHandler
                0x00000000080007dc                DVP_IRQHandler
                0x00000000080007dc                UART5_IRQHandler
                0x00000000080007dc                ACC_IRQHandler
                0x00000000080007dc                DMAMUX_IRQHandler
                0x00000000080007dc                EMAC_WKUP_IRQHandler
                0x00000000080007dc                DMA2_Channel1_IRQHandler
                0x00000000080007dc                OTGFS2_WKUP_IRQHandler
                0x00000000080007dc                EXINT3_IRQHandler
                0x00000000080007dc                DMA1_Channel6_IRQHandler
                0x00000000080007dc                UART4_IRQHandler
                0x00000000080007dc                DMA2_Channel4_IRQHandler
                0x00000000080007dc                ERTCAlarm_IRQHandler
                0x00000000080007dc                DMA1_Channel1_IRQHandler
                0x00000000080007dc                Default_Handler
                0x00000000080007dc                DMA2_Channel7_IRQHandler
                0x00000000080007dc                TMR20_BRK_IRQHandler
                0x00000000080007dc                QSPI1_IRQHandler
                0x00000000080007dc                TMR3_GLOBAL_IRQHandler
                0x00000000080007dc                TMR7_GLOBAL_IRQHandler
                0x00000000080007dc                CAN1_SE_IRQHandler
                0x00000000080007dc                CAN2_TX_IRQHandler
                0x00000000080007dc                I2C3_ERR_IRQHandler
                0x00000000080007dc                SPI3_I2S3EXT_IRQHandler
                0x00000000080007dc                TMR1_BRK_TMR9_IRQHandler
                0x00000000080007dc                TMR8_BRK_TMR12_IRQHandler
                0x00000000080007dc                TMR1_TRG_HALL_TMR11_IRQHandler
                0x00000000080007dc                CAN1_TX_IRQHandler
                0x00000000080007dc                DMA2_Channel5_IRQHandler
                0x00000000080007dc                DMA1_Channel5_IRQHandler
                0x00000000080007dc                EDMA_Stream6_IRQHandler
                0x00000000080007dc                QSPI2_IRQHandler
                0x00000000080007dc                TMR4_GLOBAL_IRQHandler
                0x00000000080007dc                EXINT4_IRQHandler
                0x00000000080007dc                CAN2_SE_IRQHandler
                0x00000000080007dc                PVM_IRQHandler
                0x00000000080007dc                I2C3_EVT_IRQHandler
                0x00000000080007dc                DMA1_Channel3_IRQHandler
                0x00000000080007dc                I2C1_EVT_IRQHandler
                0x00000000080007dc                TMR8_OVF_TMR13_IRQHandler
                0x00000000080007dc                DMA2_Channel6_IRQHandler
                0x00000000080007dc                EDMA_Stream5_IRQHandler
                0x00000000080007dc                EDMA_Stream1_IRQHandler
                0x00000000080007dc                EXINT1_IRQHandler
                0x00000000080007dc                UART7_IRQHandler
                0x00000000080007dc                USART2_IRQHandler
                0x00000000080007dc                DMA1_Channel2_IRQHandler
                0x00000000080007dc                TMR2_GLOBAL_IRQHandler
                0x00000000080007dc                ERTC_WKUP_IRQHandler
                0x00000000080007dc                FLASH_IRQHandler
                0x00000000080007dc                SPI2_I2S2EXT_IRQHandler
                0x00000000080007dc                I2C2_ERR_IRQHandler
                0x00000000080007dc                USART1_IRQHandler
                0x00000000080007dc                TMR1_CH_IRQHandler
                0x00000000080007dc                CRM_IRQHandler
                0x00000000080007dc                EDMA_Stream8_IRQHandler
                0x00000000080007dc                OTGFS1_WKUP_IRQHandler
                0x00000000080007dc                EXINT15_10_IRQHandler
                0x00000000080007dc                ADC1_2_3_IRQHandler
                0x00000000080007dc                WWDT_IRQHandler
                0x00000000080007dc                DMA2_Channel3_IRQHandler
 *fill*         0x00000000080007de        0x2 
 .text.SystemInit
                0x00000000080007e0       0x6c CMakeFiles/at32f_lib.dir/AT32F435_Firmware_Library/libraries/cmsis/cm4/device_support/system_at32f435_437.c.obj
                0x00000000080007e0                SystemInit
 .text.system_core_clock_update
                0x000000000800084c       0xd4 CMakeFiles/at32f_lib.dir/AT32F435_Firmware_Library/libraries/cmsis/cm4/device_support/system_at32f435_437.c.obj
                0x000000000800084c                system_core_clock_update
 .text.crm_reset
                0x0000000008000920       0x54 CMakeFiles/at32f_lib.dir/AT32F435_Firmware_Library/libraries/drivers/src/at32f435_437_crm.c.obj
                0x0000000008000920                crm_reset
 .text.crm_flag_get
                0x0000000008000974       0x24 CMakeFiles/at32f_lib.dir/AT32F435_Firmware_Library/libraries/drivers/src/at32f435_437_crm.c.obj
                0x0000000008000974                crm_flag_get
 .text.crm_hext_stable_wait
                0x0000000008000998       0x26 CMakeFiles/at32f_lib.dir/AT32F435_Firmware_Library/libraries/drivers/src/at32f435_437_crm.c.obj
                0x0000000008000998                crm_hext_stable_wait
 .text.crm_periph_clock_enable
                0x00000000080009be       0x3c CMakeFiles/at32f_lib.dir/AT32F435_Firmware_Library/libraries/drivers/src/at32f435_437_crm.c.obj
                0x00000000080009be                crm_periph_clock_enable
 *fill*         0x00000000080009fa        0x2 
 .text.crm_clock_source_enable
                0x00000000080009fc       0x50 CMakeFiles/at32f_lib.dir/AT32F435_Firmware_Library/libraries/drivers/src/at32f435_437_crm.c.obj
                0x00000000080009fc                crm_clock_source_enable
 .text.crm_ahb_div_set
                0x0000000008000a4c       0x10 CMakeFiles/at32f_lib.dir/AT32F435_Firmware_Library/libraries/drivers/src/at32f435_437_crm.c.obj
                0x0000000008000a4c                crm_ahb_div_set
 .text.crm_apb1_div_set
                0x0000000008000a5c       0x10 CMakeFiles/at32f_lib.dir/AT32F435_Firmware_Library/libraries/drivers/src/at32f435_437_crm.c.obj
                0x0000000008000a5c                crm_apb1_div_set
 .text.crm_apb2_div_set
                0x0000000008000a6c       0x10 CMakeFiles/at32f_lib.dir/AT32F435_Firmware_Library/libraries/drivers/src/at32f435_437_crm.c.obj
                0x0000000008000a6c                crm_apb2_div_set
 .text.crm_auto_step_mode_enable
                0x0000000008000a7c       0x28 CMakeFiles/at32f_lib.dir/AT32F435_Firmware_Library/libraries/drivers/src/at32f435_437_crm.c.obj
                0x0000000008000a7c                crm_auto_step_mode_enable
 .text.crm_pll_config
                0x0000000008000aa4       0x40 CMakeFiles/at32f_lib.dir/AT32F435_Firmware_Library/libraries/drivers/src/at32f435_437_crm.c.obj
                0x0000000008000aa4                crm_pll_config
 .text.crm_sysclk_switch
                0x0000000008000ae4       0x10 CMakeFiles/at32f_lib.dir/AT32F435_Firmware_Library/libraries/drivers/src/at32f435_437_crm.c.obj
                0x0000000008000ae4                crm_sysclk_switch
 .text.crm_sysclk_switch_status_get
                0x0000000008000af4       0x10 CMakeFiles/at32f_lib.dir/AT32F435_Firmware_Library/libraries/drivers/src/at32f435_437_crm.c.obj
                0x0000000008000af4                crm_sysclk_switch_status_get
 .text.gpio_init
                0x0000000008000b04       0x8e CMakeFiles/at32f_lib.dir/AT32F435_Firmware_Library/libraries/drivers/src/at32f435_437_gpio.c.obj
                0x0000000008000b04                gpio_init
 .text.gpio_default_para_init
                0x0000000008000b92       0x14 CMakeFiles/at32f_lib.dir/AT32F435_Firmware_Library/libraries/drivers/src/at32f435_437_gpio.c.obj
                0x0000000008000b92                gpio_default_para_init
 .text.systick_clock_source_config
                0x0000000008000ba6       0x20 CMakeFiles/at32f_lib.dir/AT32F435_Firmware_Library/libraries/drivers/src/at32f435_437_misc.c.obj
                0x0000000008000ba6                systick_clock_source_config
 *fill*         0x0000000008000bc6        0x2 
 .text.__libc_init_array
                0x0000000008000bc8       0x48 /opt/gcc-arm-none-eabi-10.3-2021.10/bin/../lib/gcc/arm-none-eabi/10.3.1/../../../../arm-none-eabi/lib/thumb/v7e-m+fp/hard/libc.a(lib_a-init.o)
                0x0000000008000bc8                __libc_init_array
 .text.startup.register_fini
                0x0000000008000c10       0x14 /opt/gcc-arm-none-eabi-10.3-2021.10/bin/../lib/gcc/arm-none-eabi/10.3.1/../../../../arm-none-eabi/lib/thumb/v7e-m+fp/hard/libc.a(lib_a-__call_atexit.o)
 .text.atexit   0x0000000008000c24        0xc /opt/gcc-arm-none-eabi-10.3-2021.10/bin/../lib/gcc/arm-none-eabi/10.3.1/../../../../arm-none-eabi/lib/thumb/v7e-m+fp/hard/libc.a(lib_a-atexit.o)
                0x0000000008000c24                atexit
 .text.__libc_fini_array
                0x0000000008000c30       0x2c /opt/gcc-arm-none-eabi-10.3-2021.10/bin/../lib/gcc/arm-none-eabi/10.3.1/../../../../arm-none-eabi/lib/thumb/v7e-m+fp/hard/libc.a(lib_a-fini.o)
                0x0000000008000c30                __libc_fini_array
 .text.__retarget_lock_acquire_recursive
                0x0000000008000c5c        0x4 /opt/gcc-arm-none-eabi-10.3-2021.10/bin/../lib/gcc/arm-none-eabi/10.3.1/../../../../arm-none-eabi/lib/thumb/v7e-m+fp/hard/libc.a(lib_a-lock.o)
                0x0000000008000c5c                __retarget_lock_acquire_recursive
 .text.__retarget_lock_release_recursive
                0x0000000008000c60        0x4 /opt/gcc-arm-none-eabi-10.3-2021.10/bin/../lib/gcc/arm-none-eabi/10.3.1/../../../../arm-none-eabi/lib/thumb/v7e-m+fp/hard/libc.a(lib_a-lock.o)
                0x0000000008000c60                __retarget_lock_release_recursive
 .text.__register_exitproc
                0x0000000008000c64       0x8c /opt/gcc-arm-none-eabi-10.3-2021.10/bin/../lib/gcc/arm-none-eabi/10.3.1/../../../../arm-none-eabi/lib/thumb/v7e-m+fp/hard/libc.a(lib_a-__atexit.o)
                0x0000000008000c64                __register_exitproc
 *(.glue_7)
 .glue_7        0x0000000008000cf0        0x0 linker stubs
 *(.glue_7t)
 .glue_7t       0x0000000008000cf0        0x0 linker stubs
 *(.eh_frame)
 .eh_frame      0x0000000008000cf0        0x0 /opt/gcc-arm-none-eabi-10.3-2021.10/bin/../lib/gcc/arm-none-eabi/10.3.1/thumb/v7e-m+fp/hard/crtbegin.o
 *(.init)
 .init          0x0000000008000cf0        0x4 /opt/gcc-arm-none-eabi-10.3-2021.10/bin/../lib/gcc/arm-none-eabi/10.3.1/thumb/v7e-m+fp/hard/crti.o
                0x0000000008000cf0                _init
 .init          0x0000000008000cf4        0x8 /opt/gcc-arm-none-eabi-10.3-2021.10/bin/../lib/gcc/arm-none-eabi/10.3.1/thumb/v7e-m+fp/hard/crtn.o
 *(.fini)
 .fini          0x0000000008000cfc        0x4 /opt/gcc-arm-none-eabi-10.3-2021.10/bin/../lib/gcc/arm-none-eabi/10.3.1/thumb/v7e-m+fp/hard/crti.o
                0x0000000008000cfc                _fini
 .fini          0x0000000008000d00        0x8 /opt/gcc-arm-none-eabi-10.3-2021.10/bin/../lib/gcc/arm-none-eabi/10.3.1/thumb/v7e-m+fp/hard/crtn.o
                0x0000000008000d08                . = ALIGN (0x4)
                0x0000000008000d08                _etext = .

.vfp11_veneer   0x0000000008000d08        0x0
 .vfp11_veneer  0x0000000008000d08        0x0 linker stubs

.v4_bx          0x0000000008000d08        0x0
 .v4_bx         0x0000000008000d08        0x0 linker stubs

.iplt           0x0000000008000d08        0x0
 .iplt          0x0000000008000d08        0x0 /opt/gcc-arm-none-eabi-10.3-2021.10/bin/../lib/gcc/arm-none-eabi/10.3.1/thumb/v7e-m+fp/hard/crtbegin.o

.rodata         0x0000000008000d08       0x1c
                0x0000000008000d08                . = ALIGN (0x4)
 *(.rodata)
 *(.rodata*)
 .rodata.pll_fr_table.1
                0x0000000008000d08        0x6 CMakeFiles/at32f_lib.dir/AT32F435_Firmware_Library/libraries/cmsis/cm4/device_support/system_at32f435_437.c.obj
 *fill*         0x0000000008000d0e        0x2 
 .rodata.sys_ahb_div_table.0
                0x0000000008000d10       0x10 CMakeFiles/at32f_lib.dir/AT32F435_Firmware_Library/libraries/cmsis/cm4/device_support/system_at32f435_437.c.obj
 .rodata._global_impure_ptr
                0x0000000008000d20        0x4 /opt/gcc-arm-none-eabi-10.3-2021.10/bin/../lib/gcc/arm-none-eabi/10.3.1/../../../../arm-none-eabi/lib/thumb/v7e-m+fp/hard/libc.a(lib_a-impure.o)
                0x0000000008000d20                _global_impure_ptr
                0x0000000008000d24                . = ALIGN (0x4)

.ARM.extab
 *(.ARM.extab* .gnu.linkonce.armextab.*)

.ARM            0x0000000008000d24        0x8
                0x0000000008000d24                __exidx_start = .
 *(.ARM.exidx*)
 .ARM.exidx     0x0000000008000d24        0x8 /opt/gcc-arm-none-eabi-10.3-2021.10/bin/../lib/gcc/arm-none-eabi/10.3.1/thumb/v7e-m+fp/hard/libgcc.a(_udivmoddi4.o)
                0x0000000008000d2c                __exidx_end = .

.rel.dyn        0x0000000008000d2c        0x0
 .rel.iplt      0x0000000008000d2c        0x0 /opt/gcc-arm-none-eabi-10.3-2021.10/bin/../lib/gcc/arm-none-eabi/10.3.1/thumb/v7e-m+fp/hard/crtbegin.o

.preinit_array  0x0000000008000d2c        0x0
                0x0000000008000d2c                PROVIDE (__preinit_array_start = .)
 *(.preinit_array*)
                0x0000000008000d2c                PROVIDE (__preinit_array_end = .)

.init_array     0x0000000008000d2c        0x8
                0x0000000008000d2c                PROVIDE (__init_array_start = .)
 *(SORT_BY_NAME(.init_array.*))
 .init_array.00000
                0x0000000008000d2c        0x4 /opt/gcc-arm-none-eabi-10.3-2021.10/bin/../lib/gcc/arm-none-eabi/10.3.1/../../../../arm-none-eabi/lib/thumb/v7e-m+fp/hard/libc.a(lib_a-__call_atexit.o)
 *(.init_array*)
 .init_array    0x0000000008000d30        0x4 /opt/gcc-arm-none-eabi-10.3-2021.10/bin/../lib/gcc/arm-none-eabi/10.3.1/thumb/v7e-m+fp/hard/crtbegin.o
                0x0000000008000d34                PROVIDE (__init_array_end = .)

.fini_array     0x0000000008000d34        0x4
                0x0000000008000d34                PROVIDE (__fini_array_start = .)
 *(SORT_BY_NAME(.fini_array.*))
 *(.fini_array*)
 .fini_array    0x0000000008000d34        0x4 /opt/gcc-arm-none-eabi-10.3-2021.10/bin/../lib/gcc/arm-none-eabi/10.3.1/thumb/v7e-m+fp/hard/crtbegin.o
                0x0000000008000d38                PROVIDE (__fini_array_end = .)
                0x0000000008000d38                _sidata = LOADADDR (.data)

.data           0x0000000020000000      0x454 load address 0x0000000008000d38
                0x0000000020000000                . = ALIGN (0x4)
                0x0000000020000000                _sdata = .
 *(.data)
 *(.data*)
 .data.led_gpio_crm_clk
                0x0000000020000000        0xc CMakeFiles/mx3g-at32f435proj.elf.dir/AT32F435_Firmware_Library/project/at32f435_437_board/at32f435_437_board.c.obj
                0x0000000020000000                led_gpio_crm_clk
 .data.led_gpio_pin
                0x000000002000000c        0x6 CMakeFiles/mx3g-at32f435proj.elf.dir/AT32F435_Firmware_Library/project/at32f435_437_board/at32f435_437_board.c.obj
                0x000000002000000c                led_gpio_pin
 *fill*         0x0000000020000012        0x2 
 .data.led_gpio_port
                0x0000000020000014        0xc CMakeFiles/mx3g-at32f435proj.elf.dir/AT32F435_Firmware_Library/project/at32f435_437_board/at32f435_437_board.c.obj
                0x0000000020000014                led_gpio_port
 .data.system_core_clock
                0x0000000020000020        0x4 CMakeFiles/at32f_lib.dir/AT32F435_Firmware_Library/libraries/cmsis/cm4/device_support/system_at32f435_437.c.obj
                0x0000000020000020                system_core_clock
 *fill*         0x0000000020000024        0x4 
 .data.impure_data
                0x0000000020000028      0x428 /opt/gcc-arm-none-eabi-10.3-2021.10/bin/../lib/gcc/arm-none-eabi/10.3.1/../../../../arm-none-eabi/lib/thumb/v7e-m+fp/hard/libc.a(lib_a-impure.o)
 .data.__atexit_recursive_mutex
                0x0000000020000450        0x4 /opt/gcc-arm-none-eabi-10.3-2021.10/bin/../lib/gcc/arm-none-eabi/10.3.1/../../../../arm-none-eabi/lib/thumb/v7e-m+fp/hard/libc.a(lib_a-__call_atexit.o)
                0x0000000020000450                __atexit_recursive_mutex
                0x0000000020000454                . = ALIGN (0x4)
                0x0000000020000454                _edata = .

.igot.plt       0x0000000020000454        0x0 load address 0x000000000800118c
 .igot.plt      0x0000000020000454        0x0 /opt/gcc-arm-none-eabi-10.3-2021.10/bin/../lib/gcc/arm-none-eabi/10.3.1/thumb/v7e-m+fp/hard/crtbegin.o
                0x0000000020000454                . = ALIGN (0x4)

.bss            0x0000000020000454       0x28 load address 0x000000000800118c
                0x0000000020000454                _sbss = .
                0x0000000020000454                __bss_start__ = _sbss
 *(.bss)
 .bss           0x0000000020000454       0x1c /opt/gcc-arm-none-eabi-10.3-2021.10/bin/../lib/gcc/arm-none-eabi/10.3.1/thumb/v7e-m+fp/hard/crtbegin.o
 *(.bss*)
 .bss.fac_ms    0x0000000020000470        0x4 CMakeFiles/mx3g-at32f435proj.elf.dir/AT32F435_Firmware_Library/project/at32f435_437_board/at32f435_437_board.c.obj
 .bss.fac_us    0x0000000020000474        0x4 CMakeFiles/mx3g-at32f435proj.elf.dir/AT32F435_Firmware_Library/project/at32f435_437_board/at32f435_437_board.c.obj
 .bss.__lock___atexit_recursive_mutex
                0x0000000020000478        0x1 /opt/gcc-arm-none-eabi-10.3-2021.10/bin/../lib/gcc/arm-none-eabi/10.3.1/../../../../arm-none-eabi/lib/thumb/v7e-m+fp/hard/libc.a(lib_a-lock.o)
                0x0000000020000478                __lock___atexit_recursive_mutex
 *(COMMON)
                0x000000002000047c                . = ALIGN (0x4)
 *fill*         0x0000000020000479        0x3 
                0x000000002000047c                _ebss = .
                0x000000002000047c                __bss_end__ = _ebss

._user_heap_stack
                0x000000002000047c      0x604 load address 0x000000000800118c
                0x0000000020000480                . = ALIGN (0x8)
 *fill*         0x000000002000047c        0x4 
                0x0000000020000480                PROVIDE (end = .)
                [!provide]                        PROVIDE (_end = .)
                0x0000000020000680                . = (. + _Min_Heap_Size)
 *fill*         0x0000000020000480      0x200 
                0x0000000020000a80                . = (. + _Min_Stack_Size)
 *fill*         0x0000000020000680      0x400 
                0x0000000020000a80                . = ALIGN (0x8)

/DISCARD/
 libc.a(*)
 libm.a(*)
 libgcc.a(*)

.ARM.attributes
                0x0000000000000000       0x30
 *(.ARM.attributes)
 .ARM.attributes
                0x0000000000000000       0x1e /opt/gcc-arm-none-eabi-10.3-2021.10/bin/../lib/gcc/arm-none-eabi/10.3.1/thumb/v7e-m+fp/hard/crti.o
 .ARM.attributes
                0x000000000000001e       0x34 /opt/gcc-arm-none-eabi-10.3-2021.10/bin/../lib/gcc/arm-none-eabi/10.3.1/thumb/v7e-m+fp/hard/crtbegin.o
 .ARM.attributes
                0x0000000000000052       0x34 CMakeFiles/mx3g-at32f435proj.elf.dir/AT32F435_Firmware_Library/project/at32f435_437_board/at32f435_437_board.c.obj
 .ARM.attributes
                0x0000000000000086       0x34 CMakeFiles/mx3g-at32f435proj.elf.dir/Src/Core/src/at32f435_437_clock.c.obj
 .ARM.attributes
                0x00000000000000ba       0x34 CMakeFiles/mx3g-at32f435proj.elf.dir/Src/Core/src/at32f435_437_int.c.obj
 .ARM.attributes
                0x00000000000000ee       0x34 CMakeFiles/mx3g-at32f435proj.elf.dir/Src/Core/src/main.c.obj
 .ARM.attributes
                0x0000000000000122       0x21 CMakeFiles/at32f_lib.dir/AT32F435_Firmware_Library/libraries/cmsis/cm4/device_support/startup/gcc/startup_at32f435_437.s.obj
 .ARM.attributes
                0x0000000000000143       0x34 CMakeFiles/at32f_lib.dir/AT32F435_Firmware_Library/libraries/cmsis/cm4/device_support/system_at32f435_437.c.obj
 .ARM.attributes
                0x0000000000000177       0x34 CMakeFiles/at32f_lib.dir/AT32F435_Firmware_Library/libraries/drivers/src/at32f435_437_crm.c.obj
 .ARM.attributes
                0x00000000000001ab       0x34 CMakeFiles/at32f_lib.dir/AT32F435_Firmware_Library/libraries/drivers/src/at32f435_437_gpio.c.obj
 .ARM.attributes
                0x00000000000001df       0x34 CMakeFiles/at32f_lib.dir/AT32F435_Firmware_Library/libraries/drivers/src/at32f435_437_misc.c.obj
 .ARM.attributes
                0x0000000000000213       0x1e /opt/gcc-arm-none-eabi-10.3-2021.10/bin/../lib/gcc/arm-none-eabi/10.3.1/thumb/v7e-m+fp/hard/libgcc.a(_aeabi_uldivmod.o)
 .ARM.attributes
                0x0000000000000231       0x34 /opt/gcc-arm-none-eabi-10.3-2021.10/bin/../lib/gcc/arm-none-eabi/10.3.1/thumb/v7e-m+fp/hard/libgcc.a(_udivmoddi4.o)
 .ARM.attributes
                0x0000000000000265       0x1e /opt/gcc-arm-none-eabi-10.3-2021.10/bin/../lib/gcc/arm-none-eabi/10.3.1/thumb/v7e-m+fp/hard/libgcc.a(_dvmd_tls.o)
 .ARM.attributes
                0x0000000000000283       0x34 /opt/gcc-arm-none-eabi-10.3-2021.10/bin/../lib/gcc/arm-none-eabi/10.3.1/../../../../arm-none-eabi/lib/thumb/v7e-m+fp/hard/libc.a(lib_a-impure.o)
 .ARM.attributes
                0x00000000000002b7       0x34 /opt/gcc-arm-none-eabi-10.3-2021.10/bin/../lib/gcc/arm-none-eabi/10.3.1/../../../../arm-none-eabi/lib/thumb/v7e-m+fp/hard/libc.a(lib_a-init.o)
 .ARM.attributes
                0x00000000000002eb       0x34 /opt/gcc-arm-none-eabi-10.3-2021.10/bin/../lib/gcc/arm-none-eabi/10.3.1/../../../../arm-none-eabi/lib/thumb/v7e-m+fp/hard/libc.a(lib_a-__call_atexit.o)
 .ARM.attributes
                0x000000000000031f       0x34 /opt/gcc-arm-none-eabi-10.3-2021.10/bin/../lib/gcc/arm-none-eabi/10.3.1/../../../../arm-none-eabi/lib/thumb/v7e-m+fp/hard/libc.a(lib_a-atexit.o)
 .ARM.attributes
                0x0000000000000353       0x34 /opt/gcc-arm-none-eabi-10.3-2021.10/bin/../lib/gcc/arm-none-eabi/10.3.1/../../../../arm-none-eabi/lib/thumb/v7e-m+fp/hard/libc.a(lib_a-fini.o)
 .ARM.attributes
                0x0000000000000387       0x34 /opt/gcc-arm-none-eabi-10.3-2021.10/bin/../lib/gcc/arm-none-eabi/10.3.1/../../../../arm-none-eabi/lib/thumb/v7e-m+fp/hard/libc.a(lib_a-lock.o)
 .ARM.attributes
                0x00000000000003bb       0x34 /opt/gcc-arm-none-eabi-10.3-2021.10/bin/../lib/gcc/arm-none-eabi/10.3.1/../../../../arm-none-eabi/lib/thumb/v7e-m+fp/hard/libc.a(lib_a-__atexit.o)
 .ARM.attributes
                0x00000000000003ef       0x1e /opt/gcc-arm-none-eabi-10.3-2021.10/bin/../lib/gcc/arm-none-eabi/10.3.1/thumb/v7e-m+fp/hard/crtn.o
OUTPUT(output/mx3g-at32f435proj.elf elf32-littlearm)
LOAD linker stubs
LOAD /opt/gcc-arm-none-eabi-10.3-2021.10/bin/../lib/gcc/arm-none-eabi/10.3.1/../../../../arm-none-eabi/lib/thumb/v7e-m+fp/hard/libc.a
LOAD /opt/gcc-arm-none-eabi-10.3-2021.10/bin/../lib/gcc/arm-none-eabi/10.3.1/../../../../arm-none-eabi/lib/thumb/v7e-m+fp/hard/libm.a
LOAD /opt/gcc-arm-none-eabi-10.3-2021.10/bin/../lib/gcc/arm-none-eabi/10.3.1/thumb/v7e-m+fp/hard/libgcc.a

.debug_info     0x0000000000000000     0xb9fc
 .debug_info    0x0000000000000000     0x2b50 CMakeFiles/mx3g-at32f435proj.elf.dir/AT32F435_Firmware_Library/project/at32f435_437_board/at32f435_437_board.c.obj
 .debug_info    0x0000000000002b50     0x14af CMakeFiles/mx3g-at32f435proj.elf.dir/Src/Core/src/at32f435_437_clock.c.obj
 .debug_info    0x0000000000003fff      0x10e CMakeFiles/mx3g-at32f435proj.elf.dir/Src/Core/src/at32f435_437_int.c.obj
 .debug_info    0x000000000000410d      0x12f CMakeFiles/mx3g-at32f435proj.elf.dir/Src/Core/src/main.c.obj
 .debug_info    0x000000000000423c       0x22 CMakeFiles/at32f_lib.dir/AT32F435_Firmware_Library/libraries/cmsis/cm4/device_support/startup/gcc/startup_at32f435_437.s.obj
 .debug_info    0x000000000000425e     0x204c CMakeFiles/at32f_lib.dir/AT32F435_Firmware_Library/libraries/cmsis/cm4/device_support/system_at32f435_437.c.obj
 .debug_info    0x00000000000062aa     0x31d9 CMakeFiles/at32f_lib.dir/AT32F435_Firmware_Library/libraries/drivers/src/at32f435_437_crm.c.obj
 .debug_info    0x0000000000009483     0x1a0e CMakeFiles/at32f_lib.dir/AT32F435_Firmware_Library/libraries/drivers/src/at32f435_437_gpio.c.obj
 .debug_info    0x000000000000ae91      0xb6b CMakeFiles/at32f_lib.dir/AT32F435_Firmware_Library/libraries/drivers/src/at32f435_437_misc.c.obj

.debug_abbrev   0x0000000000000000     0x1039
 .debug_abbrev  0x0000000000000000      0x3de CMakeFiles/mx3g-at32f435proj.elf.dir/AT32F435_Firmware_Library/project/at32f435_437_board/at32f435_437_board.c.obj
 .debug_abbrev  0x00000000000003de      0x207 CMakeFiles/mx3g-at32f435proj.elf.dir/Src/Core/src/at32f435_437_clock.c.obj
 .debug_abbrev  0x00000000000005e5       0x44 CMakeFiles/mx3g-at32f435proj.elf.dir/Src/Core/src/at32f435_437_int.c.obj
 .debug_abbrev  0x0000000000000629       0xa6 CMakeFiles/mx3g-at32f435proj.elf.dir/Src/Core/src/main.c.obj
 .debug_abbrev  0x00000000000006cf       0x12 CMakeFiles/at32f_lib.dir/AT32F435_Firmware_Library/libraries/cmsis/cm4/device_support/startup/gcc/startup_at32f435_437.s.obj
 .debug_abbrev  0x00000000000006e1      0x1c6 CMakeFiles/at32f_lib.dir/AT32F435_Firmware_Library/libraries/cmsis/cm4/device_support/system_at32f435_437.c.obj
 .debug_abbrev  0x00000000000008a7      0x2a5 CMakeFiles/at32f_lib.dir/AT32F435_Firmware_Library/libraries/drivers/src/at32f435_437_crm.c.obj
 .debug_abbrev  0x0000000000000b4c      0x283 CMakeFiles/at32f_lib.dir/AT32F435_Firmware_Library/libraries/drivers/src/at32f435_437_gpio.c.obj
 .debug_abbrev  0x0000000000000dcf      0x26a CMakeFiles/at32f_lib.dir/AT32F435_Firmware_Library/libraries/drivers/src/at32f435_437_misc.c.obj

.debug_loc      0x0000000000000000     0x1361
 .debug_loc     0x0000000000000000      0x22b CMakeFiles/mx3g-at32f435proj.elf.dir/AT32F435_Firmware_Library/project/at32f435_437_board/at32f435_437_board.c.obj
 .debug_loc     0x000000000000022b      0x17d CMakeFiles/at32f_lib.dir/AT32F435_Firmware_Library/libraries/cmsis/cm4/device_support/system_at32f435_437.c.obj
 .debug_loc     0x00000000000003a8      0x899 CMakeFiles/at32f_lib.dir/AT32F435_Firmware_Library/libraries/drivers/src/at32f435_437_crm.c.obj
 .debug_loc     0x0000000000000c41      0x385 CMakeFiles/at32f_lib.dir/AT32F435_Firmware_Library/libraries/drivers/src/at32f435_437_gpio.c.obj
 .debug_loc     0x0000000000000fc6      0x39b CMakeFiles/at32f_lib.dir/AT32F435_Firmware_Library/libraries/drivers/src/at32f435_437_misc.c.obj

.debug_aranges  0x0000000000000000      0x388
 .debug_aranges
                0x0000000000000000       0x90 CMakeFiles/mx3g-at32f435proj.elf.dir/AT32F435_Firmware_Library/project/at32f435_437_board/at32f435_437_board.c.obj
 .debug_aranges
                0x0000000000000090       0x20 CMakeFiles/mx3g-at32f435proj.elf.dir/Src/Core/src/at32f435_437_clock.c.obj
 .debug_aranges
                0x00000000000000b0       0x60 CMakeFiles/mx3g-at32f435proj.elf.dir/Src/Core/src/at32f435_437_int.c.obj
 .debug_aranges
                0x0000000000000110       0x20 CMakeFiles/mx3g-at32f435proj.elf.dir/Src/Core/src/main.c.obj
 .debug_aranges
                0x0000000000000130       0x28 CMakeFiles/at32f_lib.dir/AT32F435_Firmware_Library/libraries/cmsis/cm4/device_support/startup/gcc/startup_at32f435_437.s.obj
 .debug_aranges
                0x0000000000000158       0x28 CMakeFiles/at32f_lib.dir/AT32F435_Firmware_Library/libraries/cmsis/cm4/device_support/system_at32f435_437.c.obj
 .debug_aranges
                0x0000000000000180      0x130 CMakeFiles/at32f_lib.dir/AT32F435_Firmware_Library/libraries/drivers/src/at32f435_437_crm.c.obj
 .debug_aranges
                0x00000000000002b0       0x88 CMakeFiles/at32f_lib.dir/AT32F435_Firmware_Library/libraries/drivers/src/at32f435_437_gpio.c.obj
 .debug_aranges
                0x0000000000000338       0x50 CMakeFiles/at32f_lib.dir/AT32F435_Firmware_Library/libraries/drivers/src/at32f435_437_misc.c.obj

.debug_ranges   0x0000000000000000      0x330
 .debug_ranges  0x0000000000000000       0x80 CMakeFiles/mx3g-at32f435proj.elf.dir/AT32F435_Firmware_Library/project/at32f435_437_board/at32f435_437_board.c.obj
 .debug_ranges  0x0000000000000080       0x10 CMakeFiles/mx3g-at32f435proj.elf.dir/Src/Core/src/at32f435_437_clock.c.obj
 .debug_ranges  0x0000000000000090       0x50 CMakeFiles/mx3g-at32f435proj.elf.dir/Src/Core/src/at32f435_437_int.c.obj
 .debug_ranges  0x00000000000000e0       0x10 CMakeFiles/mx3g-at32f435proj.elf.dir/Src/Core/src/main.c.obj
 .debug_ranges  0x00000000000000f0       0x20 CMakeFiles/at32f_lib.dir/AT32F435_Firmware_Library/libraries/cmsis/cm4/device_support/startup/gcc/startup_at32f435_437.s.obj
 .debug_ranges  0x0000000000000110       0x18 CMakeFiles/at32f_lib.dir/AT32F435_Firmware_Library/libraries/cmsis/cm4/device_support/system_at32f435_437.c.obj
 .debug_ranges  0x0000000000000128      0x120 CMakeFiles/at32f_lib.dir/AT32F435_Firmware_Library/libraries/drivers/src/at32f435_437_crm.c.obj
 .debug_ranges  0x0000000000000248       0x78 CMakeFiles/at32f_lib.dir/AT32F435_Firmware_Library/libraries/drivers/src/at32f435_437_gpio.c.obj
 .debug_ranges  0x00000000000002c0       0x70 CMakeFiles/at32f_lib.dir/AT32F435_Firmware_Library/libraries/drivers/src/at32f435_437_misc.c.obj

.debug_line     0x0000000000000000     0x28f8
 .debug_line    0x0000000000000000      0x851 CMakeFiles/mx3g-at32f435proj.elf.dir/AT32F435_Firmware_Library/project/at32f435_437_board/at32f435_437_board.c.obj
 .debug_line    0x0000000000000851      0x2f4 CMakeFiles/mx3g-at32f435proj.elf.dir/Src/Core/src/at32f435_437_clock.c.obj
 .debug_line    0x0000000000000b45      0x16b CMakeFiles/mx3g-at32f435proj.elf.dir/Src/Core/src/at32f435_437_int.c.obj
 .debug_line    0x0000000000000cb0      0x189 CMakeFiles/mx3g-at32f435proj.elf.dir/Src/Core/src/main.c.obj
 .debug_line    0x0000000000000e39       0xf6 CMakeFiles/at32f_lib.dir/AT32F435_Firmware_Library/libraries/cmsis/cm4/device_support/startup/gcc/startup_at32f435_437.s.obj
 .debug_line    0x0000000000000f2f      0x3f3 CMakeFiles/at32f_lib.dir/AT32F435_Firmware_Library/libraries/cmsis/cm4/device_support/system_at32f435_437.c.obj
 .debug_line    0x0000000000001322      0xad4 CMakeFiles/at32f_lib.dir/AT32F435_Firmware_Library/libraries/drivers/src/at32f435_437_crm.c.obj
 .debug_line    0x0000000000001df6      0x5c8 CMakeFiles/at32f_lib.dir/AT32F435_Firmware_Library/libraries/drivers/src/at32f435_437_gpio.c.obj
 .debug_line    0x00000000000023be      0x53a CMakeFiles/at32f_lib.dir/AT32F435_Firmware_Library/libraries/drivers/src/at32f435_437_misc.c.obj

.debug_str      0x0000000000000000     0x5177
 .debug_str     0x0000000000000000     0x190d CMakeFiles/mx3g-at32f435proj.elf.dir/AT32F435_Firmware_Library/project/at32f435_437_board/at32f435_437_board.c.obj
                                       0x19d0 (size before relaxing)
 .debug_str     0x000000000000190d      0x835 CMakeFiles/mx3g-at32f435proj.elf.dir/Src/Core/src/at32f435_437_clock.c.obj
                                        0xfc1 (size before relaxing)
 .debug_str     0x0000000000002142       0xeb CMakeFiles/mx3g-at32f435proj.elf.dir/Src/Core/src/at32f435_437_int.c.obj
                                        0x287 (size before relaxing)
 .debug_str     0x000000000000222d       0x54 CMakeFiles/mx3g-at32f435proj.elf.dir/Src/Core/src/main.c.obj
                                        0x24d (size before relaxing)
 .debug_str     0x0000000000002281       0xa9 CMakeFiles/at32f_lib.dir/AT32F435_Firmware_Library/libraries/cmsis/cm4/device_support/startup/gcc/startup_at32f435_437.s.obj
                                         0xea (size before relaxing)
 .debug_str     0x000000000000232a      0xafb CMakeFiles/at32f_lib.dir/AT32F435_Firmware_Library/libraries/cmsis/cm4/device_support/system_at32f435_437.c.obj
                                        0xfa5 (size before relaxing)
 .debug_str     0x0000000000002e25     0x17e5 CMakeFiles/at32f_lib.dir/AT32F435_Firmware_Library/libraries/drivers/src/at32f435_437_crm.c.obj
                                       0x2d38 (size before relaxing)
 .debug_str     0x000000000000460a      0x1b6 CMakeFiles/at32f_lib.dir/AT32F435_Firmware_Library/libraries/drivers/src/at32f435_437_gpio.c.obj
                                       0x1125 (size before relaxing)
 .debug_str     0x00000000000047c0      0x9b7 CMakeFiles/at32f_lib.dir/AT32F435_Firmware_Library/libraries/drivers/src/at32f435_437_misc.c.obj
                                        0xcb3 (size before relaxing)

.comment        0x0000000000000000       0x49
 .comment       0x0000000000000000       0x49 CMakeFiles/mx3g-at32f435proj.elf.dir/AT32F435_Firmware_Library/project/at32f435_437_board/at32f435_437_board.c.obj
                                         0x4a (size before relaxing)
 .comment       0x0000000000000049       0x4a CMakeFiles/mx3g-at32f435proj.elf.dir/Src/Core/src/at32f435_437_clock.c.obj
 .comment       0x0000000000000049       0x4a CMakeFiles/mx3g-at32f435proj.elf.dir/Src/Core/src/at32f435_437_int.c.obj
 .comment       0x0000000000000049       0x4a CMakeFiles/mx3g-at32f435proj.elf.dir/Src/Core/src/main.c.obj
 .comment       0x0000000000000049       0x4a CMakeFiles/at32f_lib.dir/AT32F435_Firmware_Library/libraries/cmsis/cm4/device_support/system_at32f435_437.c.obj
 .comment       0x0000000000000049       0x4a CMakeFiles/at32f_lib.dir/AT32F435_Firmware_Library/libraries/drivers/src/at32f435_437_crm.c.obj
 .comment       0x0000000000000049       0x4a CMakeFiles/at32f_lib.dir/AT32F435_Firmware_Library/libraries/drivers/src/at32f435_437_gpio.c.obj
 .comment       0x0000000000000049       0x4a CMakeFiles/at32f_lib.dir/AT32F435_Firmware_Library/libraries/drivers/src/at32f435_437_misc.c.obj

.debug_frame    0x0000000000000000      0x8d4
 .debug_frame   0x0000000000000000      0x170 CMakeFiles/mx3g-at32f435proj.elf.dir/AT32F435_Firmware_Library/project/at32f435_437_board/at32f435_437_board.c.obj
 .debug_frame   0x0000000000000170       0x28 CMakeFiles/mx3g-at32f435proj.elf.dir/Src/Core/src/at32f435_437_clock.c.obj
 .debug_frame   0x0000000000000198       0xa0 CMakeFiles/mx3g-at32f435proj.elf.dir/Src/Core/src/at32f435_437_int.c.obj
 .debug_frame   0x0000000000000238       0x28 CMakeFiles/mx3g-at32f435proj.elf.dir/Src/Core/src/main.c.obj
 .debug_frame   0x0000000000000260       0x38 CMakeFiles/at32f_lib.dir/AT32F435_Firmware_Library/libraries/cmsis/cm4/device_support/system_at32f435_437.c.obj
 .debug_frame   0x0000000000000298      0x284 CMakeFiles/at32f_lib.dir/AT32F435_Firmware_Library/libraries/drivers/src/at32f435_437_crm.c.obj
 .debug_frame   0x000000000000051c      0x104 CMakeFiles/at32f_lib.dir/AT32F435_Firmware_Library/libraries/drivers/src/at32f435_437_gpio.c.obj
 .debug_frame   0x0000000000000620       0x88 CMakeFiles/at32f_lib.dir/AT32F435_Firmware_Library/libraries/drivers/src/at32f435_437_misc.c.obj
 .debug_frame   0x00000000000006a8       0x2c /opt/gcc-arm-none-eabi-10.3-2021.10/bin/../lib/gcc/arm-none-eabi/10.3.1/thumb/v7e-m+fp/hard/libgcc.a(_aeabi_uldivmod.o)
 .debug_frame   0x00000000000006d4       0x34 /opt/gcc-arm-none-eabi-10.3-2021.10/bin/../lib/gcc/arm-none-eabi/10.3.1/thumb/v7e-m+fp/hard/libgcc.a(_udivmoddi4.o)
 .debug_frame   0x0000000000000708       0x2c /opt/gcc-arm-none-eabi-10.3-2021.10/bin/../lib/gcc/arm-none-eabi/10.3.1/../../../../arm-none-eabi/lib/thumb/v7e-m+fp/hard/libc.a(lib_a-init.o)
 .debug_frame   0x0000000000000734       0x68 /opt/gcc-arm-none-eabi-10.3-2021.10/bin/../lib/gcc/arm-none-eabi/10.3.1/../../../../arm-none-eabi/lib/thumb/v7e-m+fp/hard/libc.a(lib_a-__call_atexit.o)
 .debug_frame   0x000000000000079c       0x20 /opt/gcc-arm-none-eabi-10.3-2021.10/bin/../lib/gcc/arm-none-eabi/10.3.1/../../../../arm-none-eabi/lib/thumb/v7e-m+fp/hard/libc.a(lib_a-atexit.o)
 .debug_frame   0x00000000000007bc       0x34 /opt/gcc-arm-none-eabi-10.3-2021.10/bin/../lib/gcc/arm-none-eabi/10.3.1/../../../../arm-none-eabi/lib/thumb/v7e-m+fp/hard/libc.a(lib_a-fini.o)
 .debug_frame   0x00000000000007f0       0xb0 /opt/gcc-arm-none-eabi-10.3-2021.10/bin/../lib/gcc/arm-none-eabi/10.3.1/../../../../arm-none-eabi/lib/thumb/v7e-m+fp/hard/libc.a(lib_a-lock.o)
 .debug_frame   0x00000000000008a0       0x34 /opt/gcc-arm-none-eabi-10.3-2021.10/bin/../lib/gcc/arm-none-eabi/10.3.1/../../../../arm-none-eabi/lib/thumb/v7e-m+fp/hard/libc.a(lib_a-__atexit.o)

.stabstr        0x0000000000000000      0x117
 .stabstr       0x0000000000000000      0x117 /opt/gcc-arm-none-eabi-10.3-2021.10/bin/../lib/gcc/arm-none-eabi/10.3.1/../../../../arm-none-eabi/lib/thumb/v7e-m+fp/hard/libnosys.a(close.o)
